********* Start testing of AgentPanelTest *********
Config: Using QtTest library 6.11.2, Qt 6.11.2 (arm64-little_endian-lp64 shared (dynamic) release build; by Apple LLVM 17.0.0 (clang-1700.6.4.2)), macos 15.7.7
PASS   : AgentPanelTest::initTestCase()
PASS   : AgentPanelTest::multilineGoalUsesCurrentCodexAndExplicitScope()
PASS   : AgentPanelTest::creationEditsCardsAndOrderWithIntegerFrames()
PASS   : AgentPanelTest::editReviewKeepsActualFieldIdsAndPrimitiveTypes()
PASS   : AgentPanelTest::clarificationAndUnknownFieldsCannotBeApproved()
PASS   : AgentPanelTest::realProgressLocksMutationAndKeepsStopAvailable()
PASS   : AgentPanelTest::stalePlanIsVisibleAndVersionsCompareFingerprint()
PASS   : AgentPanelTest::assetsShowLocalThumbnailsWithoutPaths()
QWARN  : AgentPanelTest::createConfirmationEmitsEditedPlanAndExplicitNewPath() This plugin does not support propagateSizeHints()
PASS   : AgentPanelTest::createConfirmationEmitsEditedPlanAndExplicitNewPath()
QWARN  : AgentPanelTest::creationRejectsExistingDestinationAndInvalidTotals() This plugin does not support propagateSizeHints()
QWARN  : AgentPanelTest::creationRejectsExistingDestinationAndInvalidTotals() This plugin does not support propagateSizeHints()
PASS   : AgentPanelTest::creationRejectsExistingDestinationAndInvalidTotals()
PASS   : AgentPanelTest::unverifiedExportDoesNotLookLikeACompletedArtifact()
PASS   : AgentPanelTest::restoredTaskDisplaysItsGoalAndActualScope()
QWARN  : AgentPanelTest::staleWhileCreationDialogIsOpenRevokesConfirmation() This plugin does not support propagateSizeHints()
PASS   : AgentPanelTest::staleWhileCreationDialogIsOpenRevokesConfirmation()
QWARN  : AgentPanelTest::taskPanelFitsWorkbenchWidth() This plugin does not support propagateSizeHints()
PASS   : AgentPanelTest::taskPanelFitsWorkbenchWidth()
PASS   : AgentPanelTest::newerSnapshotAdvancesEngineeringVersionAfterManualEdit()
PASS   : AgentPanelTest::compiledSnapshotDoesNotConfirmVisualPreviewVersion()
PASS   : AgentPanelTest::idleWithoutTaskClearsPreviousReview(create)
PASS   : AgentPanelTest::idleWithoutTaskClearsPreviousReview(edit)
PASS   : AgentPanelTest::idleWithoutTaskClearsPreviousReview(clarify)
QWARN  : AgentPanelTest::closingTaskDismissesPendingCreationDialog() This plugin does not support propagateSizeHints()
PASS   : AgentPanelTest::closingTaskDismissesPendingCreationDialog()
PASS   : AgentPanelTest::cleanupTestCase()
Totals: 21 passed, 0 failed, 0 skipped, 0 blacklisted, 329ms
********* Finished testing of AgentPanelTest *********
