********* Start testing of AgentTaskStoreTest *********
Config: Using QtTest library 6.11.2, Qt 6.11.2 (arm64-little_endian-lp64 shared (dynamic) release build; by Apple LLVM 17.0.0 (clang-1700.6.4.2)), macos 15.7.7
PASS   : AgentTaskStoreTest::initTestCase()
FAIL!  : AgentTaskStoreTest::specialFilesNeverBlockOrGetReplaced(load-current) 'finished' returned FALSE. (Task API blocked on a FIFO without a peer)
   Loc: [/Users/bytedance/Downloads/国产资产作业/qt-video-workbench/tests/unit/AgentTaskStoreTest.cpp(29)]
FAIL!  : AgentTaskStoreTest::specialFilesNeverBlockOrGetReplaced(append-events) 'finished' returned FALSE. (Task API blocked on a FIFO without a peer)
   Loc: [/Users/bytedance/Downloads/国产资产作业/qt-video-workbench/tests/unit/AgentTaskStoreTest.cpp(29)]
FAIL!  : AgentTaskStoreTest::specialFilesNeverBlockOrGetReplaced(save-current) Compared values are not the same
   Actual   (probe.exitCode()): 2
   Expected (0)               : 0
   Loc: [/Users/bytedance/Downloads/国产资产作业/qt-video-workbench/tests/unit/AgentTaskStoreTest.cpp(29)]
FAIL!  : AgentTaskStoreTest::specialFilesNeverBlockOrGetReplaced(special-lock) 'finished' returned FALSE. (Task API blocked on a FIFO without a peer)
   Loc: [/Users/bytedance/Downloads/国产资产作业/qt-video-workbench/tests/unit/AgentTaskStoreTest.cpp(29)]
FAIL!  : AgentTaskStoreTest::specialFilesNeverBlockOrGetReplaced(special-rotation) Compared values are not the same
   Actual   (probe.exitCode()): 2
   Expected (0)               : 0
   Loc: [/Users/bytedance/Downloads/国产资产作业/qt-video-workbench/tests/unit/AgentTaskStoreTest.cpp(29)]
PASS   : AgentTaskStoreTest::cleanupTestCase()
Totals: 2 passed, 5 failed, 0 skipped, 0 blacklisted, 6171ms
********* Finished testing of AgentTaskStoreTest *********
