[  0%] Built target qvw_domain_autogen_timestamp_deps
[  0%] Built target qt_video_workbench_qmlimportscan
[  0%] Built target qvw_infra_autogen_timestamp_deps
[  1%] Built target qvw_domain_autogen
[  2%] Built target qvw_infra_autogen
[  4%] Built target qvw_domain
[  6%] Built target qvw_infra
[  6%] Built target qvw_ui_autogen_timestamp_deps
[  6%] Built target qvw_backend_autogen_timestamp_deps
[  6%] Built target infrastructure_test_autogen_timestamp_deps
[  6%] Built target qvw_services_autogen_timestamp_deps
[  6%] Built target hypit_probe_test_autogen_timestamp_deps
[  6%] Built target workspace_store_test_autogen_timestamp_deps
[  6%] Built target json_process_test_autogen_timestamp_deps
[  6%] Built target log_rotation_test_autogen_timestamp_deps
[  6%] Built target qvw_backend_autogen
[  6%] Built target qvw_services_autogen
[  7%] Built target infrastructure_test_autogen
[  7%] Built target qvw_ui_autogen
[  8%] Built target hypit_probe_test_autogen
[  8%] Built target log_rotation_test_autogen
[  9%] Built target json_process_test_autogen
[ 10%] Built target workspace_store_test_autogen
[ 12%] Built target qvw_backend
[ 13%] Built target infrastructure_test
[ 17%] Built target qvw_services
[ 17%] Built target studio_writer_test_autogen_timestamp_deps
[ 18%] Built target hypit_probe_test
[ 23%] Built target qvw_ui
[ 23%] Built target export_workspace_test_autogen_timestamp_deps
[ 23%] Built target media_validation_test_autogen_timestamp_deps
[ 23%] Built target proposal_service_test_autogen_timestamp_deps
[ 24%] Built target json_process_test
[ 24%] Built target sample_catalog_test_autogen_timestamp_deps
[ 24%] Built target product_window_test_autogen_timestamp_deps
[ 24%] Built target agent_panel_test_autogen_timestamp_deps
[ 25%] Built target log_rotation_test
[ 25%] Built target preview_version_test_autogen_timestamp_deps
[ 25%] Built target product_experience_test_autogen_timestamp_deps
[ 25%] Built target history_panel_test_autogen_timestamp_deps
[ 26%] Built target workspace_store_test
[ 26%] Built target media_player_test_autogen_timestamp_deps
[ 26%] Built target import_results_panel_test_autogen_timestamp_deps
[ 26%] Built target component_browser_test_autogen_timestamp_deps
[ 26%] Built target qvw_controllers_autogen_timestamp_deps
[ 26%] Built target studio_process_test_autogen_timestamp_deps
[ 26%] Built target studio_client_test_autogen_timestamp_deps
[ 26%] Built target inspector_controls_test_autogen_timestamp_deps
[ 26%] Built target source_edit_guard_test_autogen_timestamp_deps
[ 26%] Built target asset_service_test_autogen_timestamp_deps
[ 26%] Built target project_store_test_autogen_timestamp_deps
[ 26%] Built target studio_writer_test_autogen
[ 26%] Built target proposal_service_test_autogen
[ 27%] Built target export_workspace_test_autogen
[ 27%] Built target media_validation_test_autogen
[ 27%] Built target product_window_test_autogen
[ 28%] Built target agent_panel_test_autogen
[ 29%] Built target preview_version_test_autogen
[ 29%] Built target sample_catalog_test_autogen
[ 29%] Built target product_experience_test_autogen
[ 29%] Built target media_player_test_autogen
[ 29%] Built target history_panel_test_autogen
[ 29%] Built target import_results_panel_test_autogen
[ 29%] Built target component_browser_test_autogen
[ 29%] Built target qvw_controllers_autogen
[ 29%] Built target studio_client_test_autogen
[ 30%] Built target studio_process_test_autogen
[ 30%] Built target inspector_controls_test_autogen
[ 30%] Built target project_store_test_autogen
[ 30%] Built target asset_service_test_autogen
[ 30%] Built target source_edit_guard_test_autogen
[ 31%] Built target studio_writer_test
[ 32%] Built target proposal_service_test
[ 34%] Built target media_validation_test
[ 34%] Built target export_workspace_test
[ 35%] Built target product_window_test
[ 36%] Built target agent_panel_test
[ 38%] Built target sample_catalog_test
[ 38%] Built target preview_version_test
[ 40%] Built target product_experience_test
[ 42%] Built target media_player_test
[ 42%] Built target history_panel_test
[ 43%] Built target import_results_panel_test
[ 44%] Built target component_browser_test
[ 46%] Built target studio_process_test
[ 46%] Built target studio_client_test
[ 49%] Built target qvw_controllers
[ 50%] Built target inspector_controls_test
[ 52%] Built target asset_service_test
[ 52%] Built target project_store_test
[ 52%] Built target editor_controller_test_autogen_timestamp_deps
[ 53%] Built target source_edit_guard_test
[ 53%] Built target export_controller_test_autogen_timestamp_deps
[ 53%] Built target editor_e2e_test_autogen_timestamp_deps
[ 53%] Built target export_e2e_test_autogen_timestamp_deps
[ 53%] Built target proposal_controller_test_autogen_timestamp_deps
[ 53%] Built target runtime_paths_test_autogen_timestamp_deps
[ 53%] Built target proposal_e2e_test_autogen_timestamp_deps
[ 53%] Built target export_cache_test_autogen_timestamp_deps
[ 53%] Built target walkthrough_demo_autogen_timestamp_deps
[ 53%] Built target product_e2e_test_autogen_timestamp_deps
[ 53%] Built target video_asset_importer_test_autogen_timestamp_deps
[ 53%] Built target product_experience_e2e_test_autogen_timestamp_deps
[ 53%] Built target asset_library_test_autogen_timestamp_deps
[ 53%] Built target creation_efficiency_e2e_test_autogen_timestamp_deps
[ 53%] Built target document_controller_test_autogen_timestamp_deps
[ 53%] Built target project_e2e_test_autogen_timestamp_deps
[ 53%] Built target qvw_agent_autogen_timestamp_deps
[ 54%] Built target editor_controller_test_autogen
[ 54%] Built target editor_e2e_test_autogen
[ 55%] Built target export_controller_test_autogen
[ 55%] Built target export_e2e_test_autogen
[ 56%] Built target proposal_controller_test_autogen
[ 56%] Built target runtime_paths_test_autogen
[ 57%] Built target proposal_e2e_test_autogen
[ 57%] Built target export_cache_test_autogen
[ 57%] Built target walkthrough_demo_autogen
[ 57%] Built target product_e2e_test_autogen
[ 58%] Built target product_experience_e2e_test_autogen
[ 58%] Built target video_asset_importer_test_autogen
[ 58%] Built target document_controller_test_autogen
[ 59%] Built target asset_library_test_autogen
[ 59%] Built target qvw_agent_autogen
[ 59%] Built target creation_efficiency_e2e_test_autogen
[ 60%] Built target project_e2e_test_autogen
[ 63%] Built target editor_e2e_test
[ 63%] Built target editor_controller_test
[ 63%] Built target export_controller_test
[ 67%] Built target proposal_controller_test
[ 67%] Built target runtime_paths_test
[ 67%] Built target proposal_e2e_test
[ 67%] Built target export_e2e_test
[ 71%] Built target video_asset_importer_test
[ 71%] Built target walkthrough_demo
[ 71%] Built target export_cache_test
[ 71%] Built target product_e2e_test
[ 74%] Built target product_experience_e2e_test
[ 74%] Built target creation_efficiency_e2e_test
[ 75%] Built target asset_library_test
[ 77%] Built target document_controller_test
[ 77%] Built target project_e2e_test
[ 80%] Built target qvw_agent
[ 80%] Built target qvw_workflow_autogen_timestamp_deps
[ 80%] Built target model_client_test_autogen_timestamp_deps
[ 80%] Built target agent_plan_test_autogen_timestamp_deps
[ 80%] Built target story_template_test_autogen_timestamp_deps
[ 80%] Built target agent_task_store_test_autogen_timestamp_deps
[ 80%] Built target agent_model_live_autogen_timestamp_deps
[ 80%] Built target agent_e2e_test_autogen_timestamp_deps
[ 80%] Built target agent_controller_test_autogen_timestamp_deps
[ 81%] Built target qvw_workflow_autogen
[ 81%] Built target story_template_test_autogen
[ 82%] Built target agent_plan_test_autogen
[ 82%] Built target model_client_test_autogen
[ 83%] Built target agent_model_live_autogen
[ 83%] Built target agent_task_store_test_autogen
[ 83%] Built target agent_controller_test_autogen
[ 83%] Built target agent_e2e_test_autogen
[ 84%] Built target qvw_workflow
[ 84%] Linking CXX executable agent_plan_test
[ 85%] Built target story_template_test
[ 86%] Linking CXX executable model_client_test
[ 86%] Linking CXX executable agent_model_live
[ 87%] Linking CXX executable agent_task_store_test
[ 87%] Built target model_client_test
[ 88%] Built target agent_plan_test
[ 89%] Built target agent_model_live
[ 89%] Built target agent_task_store_test
[ 90%] Built target agent_controller_test
[ 90%] Linking CXX executable agent_e2e_test
[ 90%] Built target character_showcase_demo_autogen_timestamp_deps
[ 90%] Built target agent_workbench_demo_autogen_timestamp_deps
[ 90%] Built target component_framing_e2e_test_autogen_timestamp_deps
[ 90%] Built target startup_early_close_test_autogen_timestamp_deps
[ 90%] Built target qt_video_workbench_autogen_timestamp_deps
[ 90%] Built target agent_workbench_demo_autogen
[ 91%] Built target character_showcase_demo_autogen
[ 91%] Built target qt_video_workbench_autogen
[ 92%] Built target component_framing_e2e_test_autogen
[ 93%] Built target startup_early_close_test_autogen
[ 93%] Linking CXX executable agent_workbench_demo
[ 94%] Built target agent_e2e_test
[ 94%] Linking CXX executable character_showcase_demo
[ 94%] Linking CXX executable component_framing_e2e_test
[ 95%] Linking CXX executable qt-video-workbench.app/Contents/MacOS/qt-video-workbench
[ 96%] Built target agent_workbench_demo
[ 97%] Built target character_showcase_demo
[ 98%] Built target component_framing_e2e_test
Copy original templates beside application runtime
[ 98%] Linking CXX executable startup_early_close_test
[ 99%] Built target qt_video_workbench
[100%] Built target startup_early_close_test
