[  0%] Built target qvw_domain_autogen_timestamp_deps
[  0%] Built target qvw_domain_autogen
[ 25%] Built target qvw_domain
[ 25%] Built target qvw_ui_autogen_timestamp_deps
[ 25%] Built target qvw_ui_autogen
[ 87%] Built target qvw_ui
[ 87%] Built target component_browser_test_autogen_timestamp_deps
[ 87%] Built target component_browser_test_autogen
[100%] Built target component_browser_test
[  0%] Built target qvw_domain_autogen_timestamp_deps
[  0%] Built target qvw_domain_autogen
[ 25%] Built target qvw_domain
[ 25%] Built target qvw_ui_autogen_timestamp_deps
[ 25%] Built target qvw_ui_autogen
[ 87%] Built target qvw_ui
[ 87%] Built target product_experience_test_autogen_timestamp_deps
[ 87%] Built target product_experience_test_autogen
[100%] Built target product_experience_test
[  0%] Built target qvw_domain_autogen_timestamp_deps
[  0%] Built target qvw_domain_autogen
[ 22%] Built target qvw_domain
[ 22%] Built target qvw_ui_autogen_timestamp_deps
[ 22%] Built target qvw_ui_autogen
[ 77%] Built target qvw_ui
[ 77%] Built target product_window_test_autogen_timestamp_deps
[ 88%] Built target product_window_test_autogen
[100%] Built target product_window_test
[  0%] Built target qvw_domain_autogen_timestamp_deps
[  0%] Built target qvw_domain_autogen
[ 25%] Built target qvw_domain
[ 25%] Built target qvw_ui_autogen_timestamp_deps
[ 25%] Built target qvw_ui_autogen
[ 87%] Built target qvw_ui
[ 87%] Built target agent_panel_test_autogen_timestamp_deps
[ 87%] Automatic MOC for target agent_panel_test
[ 87%] Built target agent_panel_test_autogen
[ 87%] Linking CXX executable agent_panel_test
[100%] Built target agent_panel_test
