********* Start testing of ExportControllerTest *********
Config: Using QtTest library 6.11.2, Qt 6.11.2 (arm64-little_endian-lp64 shared (dynamic) release build; by Apple LLVM 17.0.0 (clang-1700.6.4.2)), macos 15.7.7
PASS   : ExportControllerTest::initTestCase()
FAIL!  : ExportControllerTest::successRequiresAllLayers() Compared values are not the same
   Actual   (completed.size()): 0
   Expected (1)               : 1
   Loc: [/Users/bytedance/Downloads/国产资产作业/qt-video-workbench/tests/unit/ExportControllerTest.cpp(77)]
FAIL!  : ExportControllerTest::rejectsPlan(paid) Compared values are not the same
   Actual   (fail.size()): 0
   Expected (1)          : 1
   Loc: [/Users/bytedance/Downloads/国产资产作业/qt-video-workbench/tests/unit/ExportControllerTest.cpp(81)]
FAIL!  : ExportControllerTest::rejectsPlan(malformed) Compared values are not the same
   Actual   (fail.size()): 0
   Expected (1)          : 1
   Loc: [/Users/bytedance/Downloads/国产资产作业/qt-video-workbench/tests/unit/ExportControllerTest.cpp(81)]
FAIL!  : ExportControllerTest::rejectsPlan(preflight) Compared values are not the same
   Actual   (fail.size()): 0
   Expected (1)          : 1
   Loc: [/Users/bytedance/Downloads/国产资产作业/qt-video-workbench/tests/unit/ExportControllerTest.cpp(81)]
FAIL!  : ExportControllerTest::cancelWaitsForTerminal() '!c.task().buildId.isEmpty()' returned FALSE. ()
   Loc: [/Users/bytedance/Downloads/国产资产作业/qt-video-workbench/tests/unit/ExportControllerTest.cpp(88)]
FAIL!  : ExportControllerTest::resumeUsesSameBuildAndFrozenSource() '!c.task().buildId.isEmpty()' returned FALSE. ()
   Loc: [/Users/bytedance/Downloads/国产资产作业/qt-video-workbench/tests/unit/ExportControllerTest.cpp(92)]
FAIL!  : ExportControllerTest::sourceAndUnsafeDestinationRejected() Compared values are not the same
   Actual   (fail.size()): 0
   Expected (1)          : 1
   Loc: [/Users/bytedance/Downloads/国产资产作业/qt-video-workbench/tests/unit/ExportControllerTest.cpp(98)]
PASS   : ExportControllerTest::cleanupTestCase()
Totals: 2 passed, 7 failed, 0 skipped, 0 blacklisted, 38797ms
********* Finished testing of ExportControllerTest *********
