[  1%] Built target qvw_domain_autogen_timestamp_deps
[  1%] Built target qvw_infra_autogen_timestamp_deps
[  1%] Built target qt_video_workbench_qmlimportscan
[  2%] Built target qvw_domain_autogen
[  3%] Built target qvw_infra_autogen
[  7%] Built target qvw_domain
[  7%] Built target qvw_ui_autogen_timestamp_deps
[  8%] Built target qvw_backend_autogen_timestamp_deps
[ 11%] Built target qvw_infra
[ 11%] Built target qvw_services_autogen_timestamp_deps
[ 11%] Built target infrastructure_test_autogen_timestamp_deps
[ 11%] Built target json_process_test_autogen_timestamp_deps
[ 11%] Built target hypit_probe_test_autogen_timestamp_deps
[ 12%] Built target qvw_backend_autogen
[ 12%] Automatic MOC for target qvw_ui
[ 13%] Built target hypit_probe_test_autogen
[ 14%] Built target infrastructure_test_autogen
[ 14%] Built target qvw_ui_autogen
[ 15%] Built target qvw_services_autogen
[ 18%] Built target json_process_test_autogen
[ 18%] Built target infrastructure_test
[ 22%] Built target qvw_backend
[ 24%] Built target hypit_probe_test
[ 25%] Building CXX object app/CMakeFiles/qvw_ui.dir/ui/MainWindow.cpp.o
[ 25%] Built target studio_process_test_autogen_timestamp_deps
[ 27%] Built target json_process_test
[ 27%] Built target studio_client_test_autogen_timestamp_deps
[ 27%] Built target studio_writer_test_autogen_timestamp_deps
[ 27%] Built target studio_process_test_autogen
[ 28%] Built target studio_client_test_autogen
[ 34%] Built target qvw_services
[ 35%] Built target studio_writer_test_autogen
[ 38%] Built target studio_client_test
[ 41%] Built target studio_process_test
[ 41%] Built target project_store_test_autogen_timestamp_deps
[ 41%] Built target source_edit_guard_test_autogen_timestamp_deps
[ 41%] Built target asset_service_test_autogen_timestamp_deps
[ 41%] Built target media_validation_test_autogen_timestamp_deps
[ 41%] Built target export_workspace_test_autogen_timestamp_deps
[ 44%] Built target studio_writer_test
[ 44%] Built target proposal_service_test_autogen_timestamp_deps
[ 44%] Built target qvw_controllers_autogen_timestamp_deps
[ 45%] Built target project_store_test_autogen
[ 46%] Built target asset_service_test_autogen
[ 46%] Built target source_edit_guard_test_autogen
[ 47%] Built target export_workspace_test_autogen
[ 48%] Built target media_validation_test_autogen
[ 49%] Built target proposal_service_test_autogen
[ 50%] Built target qvw_controllers_autogen
[ 52%] Built target project_store_test
[ 55%] Built target source_edit_guard_test
[ 57%] Built target asset_service_test
[ 59%] Built target export_workspace_test
[ 61%] Built target media_validation_test
[ 63%] Built target proposal_service_test
[ 68%] Built target qvw_controllers
[ 68%] Built target project_e2e_test_autogen_timestamp_deps
[ 68%] Built target document_controller_test_autogen_timestamp_deps
[ 68%] Built target editor_controller_test_autogen_timestamp_deps
[ 68%] Built target export_controller_test_autogen_timestamp_deps
[ 68%] Built target editor_e2e_test_autogen_timestamp_deps
[ 68%] Built target export_e2e_test_autogen_timestamp_deps
[ 68%] Built target proposal_controller_test_autogen_timestamp_deps
[ 68%] Built target proposal_e2e_test_autogen_timestamp_deps
[ 69%] Built target document_controller_test_autogen
[ 70%] Built target project_e2e_test_autogen
[ 71%] Built target editor_controller_test_autogen
[ 72%] Built target editor_e2e_test_autogen
[ 74%] Built target export_controller_test_autogen
[ 74%] Built target export_e2e_test_autogen
[ 75%] Built target proposal_controller_test_autogen
[ 76%] Built target proposal_e2e_test_autogen
[ 80%] Built target project_e2e_test
[ 80%] Built target document_controller_test
[ 82%] Built target editor_controller_test
[ 84%] Built target editor_e2e_test
[ 88%] Built target export_e2e_test
[ 88%] Built target export_controller_test
[ 90%] Built target proposal_e2e_test
[ 92%] Built target proposal_controller_test
[ 93%] Linking CXX static library libqvw_ui.a
[ 94%] Built target qvw_ui
[ 94%] Built target inspector_controls_test_autogen_timestamp_deps
[ 94%] Built target qt_video_workbench_autogen_timestamp_deps
[ 95%] Built target qt_video_workbench_autogen
[ 96%] Built target inspector_controls_test_autogen
[ 97%] Linking CXX executable inspector_controls_test
[ 97%] Linking CXX executable qt-video-workbench
[ 98%] Built target inspector_controls_test
[100%] Built target qt_video_workbench
