[  0%] Built target qvw_domain_autogen_timestamp_deps
[  0%] Built target qvw_infra_autogen_timestamp_deps
[  4%] Automatic MOC for target qvw_domain
[  9%] Built target qvw_infra_autogen
[  9%] Built target qvw_domain_autogen
[ 28%] Built target qvw_infra
[ 33%] Building CXX object app/CMakeFiles/qvw_domain.dir/domain/EditProposal.cpp.o
[ 38%] Linking CXX static library libqvw_domain.a
[ 47%] Built target qvw_domain
[ 47%] Built target qvw_services_autogen_timestamp_deps
[ 52%] Automatic MOC for target qvw_services
[ 52%] Built target qvw_services_autogen
[ 52%] Building CXX object app/CMakeFiles/qvw_services.dir/services/ProposalService.cpp.o
[ 57%] Building CXX object app/CMakeFiles/qvw_services.dir/services/ProposalProvider.cpp.o
[ 61%] Linking CXX static library libqvw_services.a
[ 85%] Built target qvw_services
[ 85%] Built target proposal_service_test_autogen_timestamp_deps
[ 90%] Built target proposal_service_test_autogen
[ 90%] Linking CXX executable proposal_service_test
[100%] Built target proposal_service_test
[  0%] Built target qvw_domain_autogen_timestamp_deps
[  0%] Built target qvw_infra_autogen_timestamp_deps
[  3%] Built target qvw_domain_autogen
[  6%] Built target qvw_infra_autogen
[ 18%] Built target qvw_infra
[ 31%] Built target qvw_domain
[ 31%] Built target qvw_services_autogen_timestamp_deps
[ 31%] Built target qvw_backend_autogen_timestamp_deps
[ 34%] Built target qvw_backend_autogen
[ 37%] Built target qvw_services_autogen
[ 50%] Built target qvw_backend
[ 71%] Built target qvw_services
[ 71%] Built target qvw_controllers_autogen_timestamp_deps
[ 75%] Automatic MOC for target qvw_controllers
[ 75%] Built target qvw_controllers_autogen
[ 84%] Building CXX object app/CMakeFiles/qvw_controllers.dir/controllers/EditorController.cpp.o
[ 84%] Building CXX object app/CMakeFiles/qvw_controllers.dir/controllers/ProposalController.cpp.o
[ 84%] Building CXX object app/CMakeFiles/qvw_controllers.dir/qvw_controllers_autogen/mocs_compilation.cpp.o
[ 84%] Linking CXX static library libqvw_controllers.a
[ 90%] Built target qvw_controllers
[ 90%] Built target proposal_controller_test_autogen_timestamp_deps
[ 93%] Automatic MOC for target proposal_controller_test
[ 93%] Built target proposal_controller_test_autogen
[ 93%] Building CXX object tests/CMakeFiles/proposal_controller_test.dir/unit/ProposalControllerTest.cpp.o
[ 96%] Linking CXX executable proposal_controller_test
[100%] Built target proposal_controller_test
