正在检查 Hypit 配置：/Users/bytedance/Downloads/国产资产作业/qt-video-workbench/.workbench/local-agent-config.json
Hypit 0.2.10 自检通过（/Users/bytedance/Downloads/国产资产作业/hypit）
正在打开工程：/Users/bytedance/Downloads/国产资产作业/qt-video-workbench/.workbench/deliverables-m11/创作体验 20261003-120442/main.svrun
Project            /Users/bytedance/Downloads/国产资产作业/qt-video-workbench/.workbench/deliverables-m11/创作体验 20261003-120442
Run                /Users/bytedance/Downloads/国产资产作业/qt-video-workbench/.workbench/deliverables-m11/创作体验 20261003-120442/main.svrun
Runtime Profile    /Users/bytedance/Downloads/国产资产作业/qt-video-workbench/.workbench/deliverables-m11/创作体验 20261003-120442/hypit.runtime.json
Runtime selection  command argument (this session only)

➜  Local:   http://localhost:5599/
Studio 已就绪：http://localhost:5599/（PID 66127）
➜  Network: use --host to expose
已读取真实会话：revision 1，轨道 3，可写字段 15
Comments           http://localhost:5599/#comments
[1003/121116.935772:WARNING:src/core/web_engine_library_info.cpp:63] Command line switch --webengine-resources-path not passed to renderer process
[1003/121116.938331:WARNING:src/core/web_engine_library_info.cpp:63] Command line switch --webengine-locales-path not passed to renderer process
js: An iframe which has both allow-scripts and allow-same-origin for its sandbox attribute can escape its sandboxing.
js: An iframe which has both allow-scripts and allow-same-origin for its sandbox attribute can escape its sandboxing.
PREVIEW compiled composition present=true
Studio process exited with code 143.
Studio 已退出，exit=143
CLEANUP ownedPid= 66127 running= false
