[  0%] Built target qt_video_workbench_qmlimportscan
[  0%] Built target qvw_infra_autogen_timestamp_deps
[  0%] Built target qvw_domain_autogen_timestamp_deps
[  0%] Built target qvw_domain_autogen
[  0%] Automatic MOC for target qvw_infra
[  4%] Built target qvw_domain
[  4%] Built target qvw_ui_autogen_timestamp_deps
[  4%] Built target qvw_ui_autogen
[  7%] Built target qvw_ui
[  7%] Built target inspector_controls_test_autogen_timestamp_deps
[  7%] Automatic MOC for target inspector_controls_test
[  7%] Built target inspector_controls_test_autogen
[  9%] Built target inspector_controls_test
[  9%] Built target qvw_infra_autogen
[  9%] Building CXX object app/CMakeFiles/qvw_infra.dir/infrastructure/AppConfig.cpp.o
[ 12%] Building CXX object app/CMakeFiles/qvw_infra.dir/infrastructure/LogWriter.cpp.o
[ 12%] Building CXX object app/CMakeFiles/qvw_infra.dir/qvw_infra_autogen/mocs_compilation.cpp.o
[ 12%] Building CXX object app/CMakeFiles/qvw_infra.dir/infrastructure/HypitProbe.cpp.o
[ 12%] Building CXX object app/CMakeFiles/qvw_infra.dir/infrastructure/JsonProcess.cpp.o
[ 13%] Building CXX object app/CMakeFiles/qvw_infra.dir/infrastructure/RuntimePaths.cpp.o
[ 14%] Linking CXX static library libqvw_infra.a
[ 14%] Built target qvw_infra
[ 14%] Built target qvw_services_autogen_timestamp_deps
[ 14%] Built target qvw_backend_autogen_timestamp_deps
[ 14%] Built target infrastructure_test_autogen_timestamp_deps
[ 14%] Built target hypit_probe_test_autogen_timestamp_deps
[ 14%] Built target json_process_test_autogen_timestamp_deps
[ 14%] Built target log_rotation_test_autogen_timestamp_deps
[ 16%] Automatic MOC for target qvw_backend
[ 16%] Built target qvw_services_autogen
[ 18%] Automatic MOC for target infrastructure_test
[ 18%] Automatic MOC for target hypit_probe_test
[ 19%] Automatic MOC for target json_process_test
[ 19%] Built target json_process_test_autogen
[ 19%] Automatic MOC for target log_rotation_test
[ 19%] Built target qvw_backend_autogen
[ 20%] Building CXX object app/CMakeFiles/qvw_backend.dir/qvw_backend_autogen/mocs_compilation.cpp.o
[ 20%] Built target hypit_probe_test_autogen
[ 20%] Built target infrastructure_test_autogen
[ 21%] Building CXX object app/CMakeFiles/qvw_backend.dir/backend/hypit/StudioProcess.cpp.o
[ 21%] Building CXX object app/CMakeFiles/qvw_services.dir/services/MediaValidation.cpp.o
[ 21%] Built target log_rotation_test_autogen
[ 21%] Building CXX object tests/CMakeFiles/infrastructure_test.dir/unit/InfrastructureTest.cpp.o
[ 22%] Building CXX object tests/CMakeFiles/hypit_probe_test.dir/unit/HypitProbeTest.cpp.o
[ 22%] Linking CXX static library libqvw_backend.a
[ 22%] Linking CXX static library libqvw_services.a
[ 24%] Built target qvw_backend
[ 24%] Linking CXX executable json_process_test
[ 30%] Built target qvw_services
[ 30%] Building CXX object tests/CMakeFiles/log_rotation_test.dir/unit/LogRotationTest.cpp.o
[ 32%] Built target json_process_test
[ 32%] Built target qvw_controllers_autogen_timestamp_deps
[ 32%] Built target studio_process_test_autogen_timestamp_deps
[ 32%] Built target studio_client_test_autogen_timestamp_deps
[ 33%] Linking CXX executable infrastructure_test
[ 33%] Built target project_store_test_autogen_timestamp_deps
[ 33%] Built target asset_service_test_autogen_timestamp_deps
[ 33%] Built target source_edit_guard_test_autogen_timestamp_deps
[ 33%] Built target studio_writer_test_autogen_timestamp_deps
[ 34%] Built target infrastructure_test
[ 34%] Built target export_workspace_test_autogen_timestamp_deps
[ 34%] Built target proposal_service_test_autogen_timestamp_deps
[ 34%] Built target media_validation_test_autogen_timestamp_deps
[ 34%] Automatic MOC for target qvw_controllers
[ 34%] Automatic MOC for target studio_process_test
[ 34%] Linking CXX executable hypit_probe_test
[ 35%] Built target hypit_probe_test
[ 36%] Automatic MOC for target studio_client_test
[ 36%] Built target studio_client_test_autogen
[ 36%] Automatic MOC for target project_store_test
[ 36%] Built target project_store_test_autogen
[ 36%] Built target qvw_controllers_autogen
[ 37%] Automatic MOC for target asset_service_test
[ 37%] Built target asset_service_test_autogen
[ 37%] Automatic MOC for target source_edit_guard_test
[ 37%] Built target source_edit_guard_test_autogen
[ 38%] Automatic MOC for target studio_writer_test
[ 38%] Built target studio_writer_test_autogen
[ 38%] Automatic MOC for target export_workspace_test
[ 39%] Built target export_workspace_test_autogen
[ 39%] Automatic MOC for target media_validation_test
[ 39%] Built target studio_process_test_autogen
[ 39%] Built target media_validation_test_autogen
[ 40%] Linking CXX executable log_rotation_test
[ 40%] Automatic MOC for target proposal_service_test
[ 41%] Building CXX object app/CMakeFiles/qvw_controllers.dir/qvw_controllers_autogen/mocs_compilation.cpp.o
[ 41%] Built target proposal_service_test_autogen
[ 42%] Building CXX object tests/CMakeFiles/studio_process_test.dir/unit/StudioProcessTest.cpp.o
[ 42%] Building CXX object app/CMakeFiles/qvw_controllers.dir/controllers/ProjectController.cpp.o
[ 43%] Built target log_rotation_test
[ 43%] Building CXX object app/CMakeFiles/qvw_controllers.dir/controllers/ExportController.cpp.o
[ 44%] Linking CXX executable studio_client_test
[ 45%] Linking CXX executable project_store_test
[ 46%] Linking CXX static library libqvw_controllers.a
[ 47%] Built target studio_client_test
[ 48%] Built target project_store_test
[ 48%] Linking CXX executable asset_service_test
[ 51%] Built target qvw_controllers
[ 52%] Linking CXX executable source_edit_guard_test
[ 52%] Linking CXX executable studio_writer_test
[ 53%] Built target asset_service_test
[ 53%] Built target editor_controller_test_autogen_timestamp_deps
[ 54%] Built target source_edit_guard_test
[ 54%] Built target editor_e2e_test_autogen_timestamp_deps
[ 56%] Built target studio_writer_test
[ 57%] Linking CXX executable export_workspace_test
[ 57%] Built target export_controller_test_autogen_timestamp_deps
[ 57%] Linking CXX executable media_validation_test
[ 58%] Linking CXX executable studio_process_test
[ 58%] Built target export_e2e_test_autogen_timestamp_deps
[ 59%] Linking CXX executable proposal_service_test
[ 60%] Built target export_workspace_test
[ 62%] Built target media_validation_test
[ 62%] Built target studio_process_test
[ 62%] Built target proposal_controller_test_autogen_timestamp_deps
[ 62%] Built target proposal_e2e_test_autogen_timestamp_deps
[ 62%] Built target runtime_paths_test_autogen_timestamp_deps
[ 62%] Built target export_cache_test_autogen_timestamp_deps
[ 62%] Built target walkthrough_demo_autogen_timestamp_deps
[ 62%] Built target startup_early_close_test_autogen_timestamp_deps
[ 62%] Built target qt_video_workbench_autogen_timestamp_deps
[ 62%] Built target document_controller_test_autogen_timestamp_deps
[ 63%] Built target proposal_service_test
[ 63%] Built target project_e2e_test_autogen_timestamp_deps
[ 63%] Automatic MOC for target editor_controller_test
[ 64%] Automatic MOC for target editor_e2e_test
[ 64%] Automatic MOC for target export_controller_test
[ 65%] Automatic MOC for target export_e2e_test
[ 65%] Built target editor_controller_test_autogen
[ 66%] Automatic MOC for target proposal_controller_test
[ 66%] Built target proposal_controller_test_autogen
[ 67%] Automatic MOC for target proposal_e2e_test
[ 67%] Built target proposal_e2e_test_autogen
[ 67%] Built target export_e2e_test_autogen
[ 67%] Built target editor_e2e_test_autogen
[ 68%] Automatic MOC for target runtime_paths_test
[ 69%] Automatic MOC for target export_cache_test
[ 70%] Automatic MOC for target walkthrough_demo
[ 70%] Built target export_controller_test_autogen
[ 71%] Automatic MOC for target startup_early_close_test
[ 71%] Built target startup_early_close_test_autogen
[ 72%] Automatic MOC for target qt_video_workbench
[ 72%] Built target qt_video_workbench_autogen
[ 73%] Automatic MOC for target document_controller_test
[ 73%] Built target document_controller_test_autogen
[ 74%] Automatic MOC for target project_e2e_test
[ 74%] Built target runtime_paths_test_autogen
[ 74%] Built target export_cache_test_autogen
[ 76%] Linking CXX executable editor_controller_test
[ 76%] Building CXX object tests/CMakeFiles/editor_e2e_test.dir/integration/EditorE2ETest.cpp.o
[ 76%] Built target walkthrough_demo_autogen
[ 77%] Building CXX object tests/CMakeFiles/export_controller_test.dir/unit/ExportControllerTest.cpp.o
[ 78%] Built target editor_controller_test
[ 78%] Built target project_e2e_test_autogen
[ 78%] Building CXX object tests/CMakeFiles/export_e2e_test.dir/integration/ExportE2ETest.cpp.o
[ 78%] Linking CXX executable proposal_controller_test
[ 80%] Built target proposal_controller_test
[ 80%] Building CXX object tests/CMakeFiles/proposal_e2e_test.dir/integration/ProposalE2ETest.cpp.o
[ 80%] Linking CXX executable editor_e2e_test
[ 81%] Linking CXX executable export_e2e_test
[ 82%] Built target editor_e2e_test
[ 83%] Building CXX object tests/CMakeFiles/runtime_paths_test.dir/unit/RuntimePathsTest.cpp.o
[ 84%] Built target export_e2e_test
[ 85%] Linking CXX executable proposal_e2e_test
[ 85%] Building CXX object tests/CMakeFiles/export_cache_test.dir/unit/ExportCacheTest.cpp.o
[ 86%] Built target proposal_e2e_test
[ 86%] Building CXX object tests/CMakeFiles/walkthrough_demo.dir/integration/WalkthroughDemo.cpp.o
[ 87%] Linking CXX executable export_controller_test
[ 87%] Built target export_controller_test
[ 88%] Building CXX object tests/CMakeFiles/startup_early_close_test.dir/integration/StartupEarlyCloseTest.cpp.o
[ 89%] Linking CXX executable runtime_paths_test
[ 89%] Linking CXX executable export_cache_test
[ 91%] Built target runtime_paths_test
[ 91%] Built target export_cache_test
[ 91%] Building CXX object app/CMakeFiles/qt_video_workbench.dir/main.cpp.o
[ 92%] Linking CXX executable document_controller_test
[ 93%] Linking CXX executable walkthrough_demo
[ 93%] Linking CXX executable startup_early_close_test
[ 94%] Built target document_controller_test
[ 94%] Building CXX object tests/CMakeFiles/project_e2e_test.dir/integration/ProjectE2ETest.cpp.o
[ 95%] Built target walkthrough_demo
[ 96%] Built target startup_early_close_test
[ 97%] Linking CXX executable qt-video-workbench.app/Contents/MacOS/qt-video-workbench
[ 98%] Linking CXX executable project_e2e_test
[ 99%] Built target project_e2e_test
Copy original templates beside application runtime
[100%] Built target qt_video_workbench
