正在检查 Hypit 配置：/private/var/folders/ky/c16r42fn0fbdjphdyyg2g8140000gn/T/qvw-m6-relocated-1qf2neo5/中文 空格目录/Qt 视频工作台.app/Contents/Resources/config/version-lock.json
Hypit 0.2.10 自检通过（/Users/bytedance/Downloads/国产资产作业/hypit）
正在打开工程：/private/var/folders/ky/c16r42fn0fbdjphdyyg2g8140000gn/T/qvw-m6-relocated-1qf2neo5/中文 空格目录/默认 新建工程/main.svrun
Project            /private/var/folders/ky/c16r42fn0fbdjphdyyg2g8140000gn/T/qvw-m6-relocated-1qf2neo5/中文 空格目录/默认 新建工程
Run                /private/var/folders/ky/c16r42fn0fbdjphdyyg2g8140000gn/T/qvw-m6-relocated-1qf2neo5/中文 空格目录/默认 新建工程/main.svrun
Runtime Profile    /private/var/folders/ky/c16r42fn0fbdjphdyyg2g8140000gn/T/qvw-m6-relocated-1qf2neo5/中文 空格目录/默认 新建工程/hypit.runtime.json
Runtime selection  command argument (this session only)

➜  Local:   http://localhost:5599/
Studio 已就绪：http://localhost:5599/（PID 21335）
dyld[21462]: Library not loaded: @executable_path/../Frameworks/QtWebChannel.framework/Versions/A/QtWebChannel
  Referenced from: <72F79734-8DB8-3E7C-B140-514E8CB79D3E> /private/var/folders/ky/c16r42fn0fbdjphdyyg2g8140000gn/T/qvw-m6-relocated-1qf2neo5/中文 空格目录/Qt 视频工作台.app/Contents/Frameworks/QtWebEngineCore.framework/Versions/A/QtWebEngineCore
  Reason: tried: '/private/var/folders/ky/c16r42fn0fbdjphdyyg2g8140000gn/T/qvw-m6-relocated-1qf2neo5/中文 空格目录/Qt 视频工作台.app/Contents/Frameworks/QtWebEngineCore.framework/Versions/A/Helpers/QtWebEngineProcess.app/Contents/Frameworks/QtWebChannel.framework/Versions/A/QtWebChannel' (no such file)Library not loaded: @executable_path/../Frameworks/QtNetwork.framework/Versions/A/QtNetwork
  Referenced from: <185C965E-82F2-31E2-95FF-B66E2C474A02> /private/var/folders/ky/c16r42fn0fbdjphdyyg2g8140000gn/T/qvw-m6-relocated-1qf2neo5/中文 空格目录/Qt 视频工作台.app/Contents/Frameworks/QtQuick.framework/Versions/A/QtQuick
  Reason: tried: '/private/var/folders/ky/c16r42fn0fbdjphdyyg2g8140000gn/T/qvw-m6-relocated-1qf2neo5/中文 空格目录/Qt 视频工作台.app/Contents/Frameworks/QtWebEngineCore.framework/Versions/A/Helpers/QtWebEngineProcess.app/Contents/Frameworks/QtNetwork.framework/Versions/A/QtNetwork' (no such file)Library not loaded: @executable_path/../Frameworks/libglib-2.0.0.dylib
  Referenced from: <51E7D6C1-7E41-360D-8772-AB17B58A3606> /private/var/folders/ky/c16r42fn0fbdjphdyyg2g8140000gn/T/qvw-m6-relocated-1qf2neo5/中文 空格目录/Qt 视频工作台.app/Contents/Frameworks/QtGui.framework/Versions/A/QtGui
  Reason: tried: '/private/var/folders/ky/c16r42fn0fbdjphdyyg2g8140000gn/T/qvw-m6-relocated-1qf2neo5/中文 空格目录/Qt 视频工作台.app/Contents/Frameworks/QtWebEngineCore.framework/Versions/A/Helpers/QtWebEngineProcess.app/Contents/Frameworks/libglib-2.0.0.dylib' (no such file)Library not loaded: @executable_path/../Frameworks/QtQml.framework/Versions/A/QtQml
  Referenced from: <F5AAD94B-0C56-32D6-A3D5-DE92367DB959> /private/var/folders/ky/c16r42fn0fbdjphdyyg2g8140000gn/T/qvw-m6-relocated-1qf2neo5/中文 空格目录/Qt 视频工作台.app/Contents/Frameworks/QtWebChannel.framework/Versions/A/QtWebChannel
  Reason: tried: '/private/var/folders/ky/c16r42fn0fbdjphdyyg2g8140000gn/T/qvw-m6-relocated-1qf2neo5/中文 空格目录/Qt 视频工作台.app/Contents/Frameworks/QtWebEngineCore.framework/Versions/A/Helpers/QtWebEngineProcess.app/Contents/Frameworks/QtQml.framework/Versions/A/QtQml' (no such file)Library not loaded: @executable_path/../Frameworks/QtNetwork.framework/Versions/A/QtNetwork
  Referenced from: <E1FCB555-4FF6-3D9B-953D-E5988024EEC8> /private/var/folders/ky/c16r42fn0fbdjphdyyg2g8140000gn/T/qvw-m6-relocated-1qf2neo5/中文 空格目录/Qt 视频工作台.app/Contents/Frameworks/QtQml.framework/Versions/A/QtQml
  Reason: tried: '/private/var/folders/ky/c16r42fn0fbdjphdyyg2g8140000gn/T/qvw-m6-relocated-1qf2neo5/中文 空格目录/Qt 视频工作台.app/Contents/Frameworks/QtWebEngineCore.framework/Versions/A/Helpers/QtWebEngineProcess.app/Contents/Frameworks/QtNetwork.framework/Versions/A/QtNetwork' (no such file)Library not loaded: @executable_path/../Frameworks/libbrotlidec.1.dylib
  Referenced from: <F69AA09F-C206-3C36-8176-8E4A5EA58F92> /private/var/folders/ky/c16r42fn0fbdjphdyyg2g8140000gn/T/qvw-m6-relocated-1qf2neo5/中文 空格目录/Qt 视频工作台.app/Contents/Frameworks/QtNetwork.framework/Versions/A/QtNetwork
  Reason: tried: '/private/var/folders/ky/c16r42fn0fbdjphdyyg2g8140000gn/T/qvw-m6-relocated-1qf2neo5/中文 空格目录/Qt 视频工作台.app/Contents/Frameworks/QtWebEngineCore.framework/Versions/A/Helpers/QtWebEngineProcess.app/Contents/Frameworks/libbrotlidec.1.dylib' (no such file)Library not loaded: @executable_path/../Frameworks/QtCore.framework/Versions/A/QtCore
  Referenced from: <7E8EABFD-5226-3885-9286-61EA60EF9D67> /private/var/folders/ky/c16r42fn0fbdjphdyyg2g8140000gn/T/qvw-m6-relocated-1qf2neo5/中文 空格目录/Qt 视频工作台.app/Contents/Frameworks/QtPositioning.framework/Versions/A/QtPositioning
  Reason: tried: '/private/var/folders/ky/c16r42fn0fbdjphdyyg2g8140000gn/T/qvw-m6-relocated-1qf2neo5/中文 空格目录/Qt 视频工作台.app/Contents/Frameworks/QtWebEngineCore.framework/Versions/A/Helpers/QtWebEngineProcess.app/Contents/Frameworks/QtCore.framework/Versions/A/QtCore' (no such file)Library not loaded: @executable_path/../Frameworks/libicui18n.78.dylib
  Referenced from: <BEAFF6E2-A64C-34E1-9579-77CCE0BD4FB9> /private/var/folders/ky/c16r42fn0fbdjphdyyg2g8140000gn/T/qvw-m6-relocated-1qf2neo5/中文 空格目录/Qt 视频工作台.app/Contents/Frameworks/QtCore.framework/Versions/A/QtCore
  Reason: tried: '/private/var/folders/ky/c16r42fn0fbdjphdyyg2g8140000gn/T/qvw-m6-relocated-1qf2neo5/中文 空格目录/Qt 视频工作台.app/Contents/Frameworks/QtWebEngineCore.framework/Versions/A/Helpers/QtWebEngineProcess.app/Contents/Frameworks/libicui18n.78.dylib' (no such file)
➜  Network: use --host to expose
已读取真实会话：revision 1，轨道 1，可写字段 5
Comments           http://localhost:5599/#comments
dyld[21559]: Library not loaded: @executable_path/../Frameworks/QtWebChannel.framework/Versions/A/QtWebChannel
  Referenced from: <72F79734-8DB8-3E7C-B140-514E8CB79D3E> /private/var/folders/ky/c16r42fn0fbdjphdyyg2g8140000gn/T/qvw-m6-relocated-1qf2neo5/中文 空格目录/Qt 视频工作台.app/Contents/Frameworks/QtWebEngineCore.framework/Versions/A/QtWebEngineCore
  Reason: tried: '/private/var/folders/ky/c16r42fn0fbdjphdyyg2g8140000gn/T/qvw-m6-relocated-1qf2neo5/中文 空格目录/Qt 视频工作台.app/Contents/Frameworks/QtWebEngineCore.framework/Versions/A/Helpers/QtWebEngineProcess.app/Contents/Frameworks/QtWebChannel.framework/Versions/A/QtWebChannel' (no such file)Library not loaded: @executable_path/../Frameworks/QtNetwork.framework/Versions/A/QtNetwork
  Referenced from: <185C965E-82F2-31E2-95FF-B66E2C474A02> /private/var/folders/ky/c16r42fn0fbdjphdyyg2g8140000gn/T/qvw-m6-relocated-1qf2neo5/中文 空格目录/Qt 视频工作台.app/Contents/Frameworks/QtQuick.framework/Versions/A/QtQuick
  Reason: tried: '/private/var/folders/ky/c16r42fn0fbdjphdyyg2g8140000gn/T/qvw-m6-relocated-1qf2neo5/中文 空格目录/Qt 视频工作台.app/Contents/Frameworks/QtWebEngineCore.framework/Versions/A/Helpers/QtWebEngineProcess.app/Contents/Frameworks/QtNetwork.framework/Versions/A/QtNetwork' (no such file)Library not loaded: @executable_path/../Frameworks/libglib-2.0.0.dylib
  Referenced from: <51E7D6C1-7E41-360D-8772-AB17B58A3606> /private/var/folders/ky/c16r42fn0fbdjphdyyg2g8140000gn/T/qvw-m6-relocated-1qf2neo5/中文 空格目录/Qt 视频工作台.app/Contents/Frameworks/QtGui.framework/Versions/A/QtGui
  Reason: tried: '/private/var/folders/ky/c16r42fn0fbdjphdyyg2g8140000gn/T/qvw-m6-relocated-1qf2neo5/中文 空格目录/Qt 视频工作台.app/Contents/Frameworks/QtWebEngineCore.framework/Versions/A/Helpers/QtWebEngineProcess.app/Contents/Frameworks/libglib-2.0.0.dylib' (no such file)Library not loaded: @executable_path/../Frameworks/QtQml.framework/Versions/A/QtQml
  Referenced from: <F5AAD94B-0C56-32D6-A3D5-DE92367DB959> /private/var/folders/ky/c16r42fn0fbdjphdyyg2g8140000gn/T/qvw-m6-relocated-1qf2neo5/中文 空格目录/Qt 视频工作台.app/Contents/Frameworks/QtWebChannel.framework/Versions/A/QtWebChannel
  Reason: tried: '/private/var/folders/ky/c16r42fn0fbdjphdyyg2g8140000gn/T/qvw-m6-relocated-1qf2neo5/中文 空格目录/Qt 视频工作台.app/Contents/Frameworks/QtWebEngineCore.framework/Versions/A/Helpers/QtWebEngineProcess.app/Contents/Frameworks/QtQml.framework/Versions/A/QtQml' (no such file)Library not loaded: @executable_path/../Frameworks/QtNetwork.framework/Versions/A/QtNetwork
  Referenced from: <E1FCB555-4FF6-3D9B-953D-E5988024EEC8> /private/var/folders/ky/c16r42fn0fbdjphdyyg2g8140000gn/T/qvw-m6-relocated-1qf2neo5/中文 空格目录/Qt 视频工作台.app/Contents/Frameworks/QtQml.framework/Versions/A/QtQml
  Reason: tried: '/private/var/folders/ky/c16r42fn0fbdjphdyyg2g8140000gn/T/qvw-m6-relocated-1qf2neo5/中文 空格目录/Qt 视频工作台.app/Contents/Frameworks/QtWebEngineCore.framework/Versions/A/Helpers/QtWebEngineProcess.app/Contents/Frameworks/QtNetwork.framework/Versions/A/QtNetwork' (no such file)Library not loaded: @executable_path/../Frameworks/libbrotlidec.1.dylib
  Referenced from: <F69AA09F-C206-3C36-8176-8E4A5EA58F92> /private/var/folders/ky/c16r42fn0fbdjphdyyg2g8140000gn/T/qvw-m6-relocated-1qf2neo5/中文 空格目录/Qt 视频工作台.app/Contents/Frameworks/QtNetwork.framework/Versions/A/QtNetwork
  Reason: tried: '/private/var/folders/ky/c16r42fn0fbdjphdyyg2g8140000gn/T/qvw-m6-relocated-1qf2neo5/中文 空格目录/Qt 视频工作台.app/Contents/Frameworks/QtWebEngineCore.framework/Versions/A/Helpers/QtWebEngineProcess.app/Contents/Frameworks/libbrotlidec.1.dylib' (no such file)Library not loaded: @executable_path/../Frameworks/QtCore.framework/Versions/A/QtCore
  Referenced from: <7E8EABFD-5226-3885-9286-61EA60EF9D67> /private/var/folders/ky/c16r42fn0fbdjphdyyg2g8140000gn/T/qvw-m6-relocated-1qf2neo5/中文 空格目录/Qt 视频工作台.app/Contents/Frameworks/QtPositioning.framework/Versions/A/QtPositioning
  Reason: tried: '/private/var/folders/ky/c16r42fn0fbdjphdyyg2g8140000gn/T/qvw-m6-relocated-1qf2neo5/中文 空格目录/Qt 视频工作台.app/Contents/Frameworks/QtWebEngineCore.framework/Versions/A/Helpers/QtWebEngineProcess.app/Contents/Frameworks/QtCore.framework/Versions/A/QtCore' (no such file)Library not loaded: @executable_path/../Frameworks/libicui18n.78.dylib
  Referenced from: <BEAFF6E2-A64C-34E1-9579-77CCE0BD4FB9> /private/var/folders/ky/c16r42fn0fbdjphdyyg2g8140000gn/T/qvw-m6-relocated-1qf2neo5/中文 空格目录/Qt 视频工作台.app/Contents/Frameworks/QtCore.framework/Versions/A/QtCore
  Reason: tried: '/private/var/folders/ky/c16r42fn0fbdjphdyyg2g8140000gn/T/qvw-m6-relocated-1qf2neo5/中文 空格目录/Qt 视频工作台.app/Contents/Frameworks/QtWebEngineCore.framework/Versions/A/Helpers/QtWebEngineProcess.app/Contents/Frameworks/libicui18n.78.dylib' (no such file)
Studio process exited with code 143.
Studio 已退出，exit=143
CLEANUP ownedPid= 21335 running= false
dyld[21560]: Library not loaded: @executable_path/../Frameworks/QtWebChannel.framework/Versions/A/QtWebChannel
  Referenced from: <72F79734-8DB8-3E7C-B140-514E8CB79D3E> /private/var/folders/ky/c16r42fn0fbdjphdyyg2g8140000gn/T/qvw-m6-relocated-1qf2neo5/中文 空格目录/Qt 视频工作台.app/Contents/Frameworks/QtWebEngineCore.framework/Versions/A/QtWebEngineCore
  Reason: tried: '/private/var/folders/ky/c16r42fn0fbdjphdyyg2g8140000gn/T/qvw-m6-relocated-1qf2neo5/中文 空格目录/Qt 视频工作台.app/Contents/Frameworks/QtWebEngineCore.framework/Versions/A/Helpers/QtWebEngineProcess.app/Contents/Frameworks/QtWebChannel.framework/Versions/A/QtWebChannel' (no such file)Library not loaded: @executable_path/../Frameworks/QtNetwork.framework/Versions/A/QtNetwork
  Referenced from: <185C965E-82F2-31E2-95FF-B66E2C474A02> /private/var/folders/ky/c16r42fn0fbdjphdyyg2g8140000gn/T/qvw-m6-relocated-1qf2neo5/中文 空格目录/Qt 视频工作台.app/Contents/Frameworks/QtQuick.framework/Versions/A/QtQuick
  Reason: tried: '/private/var/folders/ky/c16r42fn0fbdjphdyyg2g8140000gn/T/qvw-m6-relocated-1qf2neo5/中文 空格目录/Qt 视频工作台.app/Contents/Frameworks/QtWebEngineCore.framework/Versions/A/Helpers/QtWebEngineProcess.app/Contents/Frameworks/QtNetwork.framework/Versions/A/QtNetwork' (no such file)Library not loaded: @executable_path/../Frameworks/libglib-2.0.0.dylib
  Referenced from: <51E7D6C1-7E41-360D-8772-AB17B58A3606> /private/var/folders/ky/c16r42fn0fbdjphdyyg2g8140000gn/T/qvw-m6-relocated-1qf2neo5/中文 空格目录/Qt 视频工作台.app/Contents/Frameworks/QtGui.framework/Versions/A/QtGui
  Reason: tried: '/private/var/folders/ky/c16r42fn0fbdjphdyyg2g8140000gn/T/qvw-m6-relocated-1qf2neo5/中文 空格目录/Qt 视频工作台.app/Contents/Frameworks/QtWebEngineCore.framework/Versions/A/Helpers/QtWebEngineProcess.app/Contents/Frameworks/libglib-2.0.0.dylib' (no such file)Library not loaded: @executable_path/../Frameworks/QtQml.framework/Versions/A/QtQml
  Referenced from: <F5AAD94B-0C56-32D6-A3D5-DE92367DB959> /private/var/folders/ky/c16r42fn0fbdjphdyyg2g8140000gn/T/qvw-m6-relocated-1qf2neo5/中文 空格目录/Qt 视频工作台.app/Contents/Frameworks/QtWebChannel.framework/Versions/A/QtWebChannel
  Reason: tried: '/private/var/folders/ky/c16r42fn0fbdjphdyyg2g8140000gn/T/qvw-m6-relocated-1qf2neo5/中文 空格目录/Qt 视频工作台.app/Contents/Frameworks/QtWebEngineCore.framework/Versions/A/Helpers/QtWebEngineProcess.app/Contents/Frameworks/QtQml.framework/Versions/A/QtQml' (no such file)Library not loaded: @executable_path/../Frameworks/QtNetwork.framework/Versions/A/QtNetwork
  Referenced from: <E1FCB555-4FF6-3D9B-953D-E5988024EEC8> /private/var/folders/ky/c16r42fn0fbdjphdyyg2g8140000gn/T/qvw-m6-relocated-1qf2neo5/中文 空格目录/Qt 视频工作台.app/Contents/Frameworks/QtQml.framework/Versions/A/QtQml
  Reason: tried: '/private/var/folders/ky/c16r42fn0fbdjphdyyg2g8140000gn/T/qvw-m6-relocated-1qf2neo5/中文 空格目录/Qt 视频工作台.app/Contents/Frameworks/QtWebEngineCore.framework/Versions/A/Helpers/QtWebEngineProcess.app/Contents/Frameworks/QtNetwork.framework/Versions/A/QtNetwork' (no such file)Library not loaded: @executable_path/../Frameworks/libbrotlidec.1.dylib
  Referenced from: <F69AA09F-C206-3C36-8176-8E4A5EA58F92> /private/var/folders/ky/c16r42fn0fbdjphdyyg2g8140000gn/T/qvw-m6-relocated-1qf2neo5/中文 空格目录/Qt 视频工作台.app/Contents/Frameworks/QtNetwork.framework/Versions/A/QtNetwork
  Reason: tried: '/private/var/folders/ky/c16r42fn0fbdjphdyyg2g8140000gn/T/qvw-m6-relocated-1qf2neo5/中文 空格目录/Qt 视频工作台.app/Contents/Frameworks/QtWebEngineCore.framework/Versions/A/Helpers/QtWebEngineProcess.app/Contents/Frameworks/libbrotlidec.1.dylib' (no such file)Library not loaded: @executable_path/../Frameworks/QtCore.framework/Versions/A/QtCore
  Referenced from: <7E8EABFD-5226-3885-9286-61EA60EF9D67> /private/var/folders/ky/c16r42fn0fbdjphdyyg2g8140000gn/T/qvw-m6-relocated-1qf2neo5/中文 空格目录/Qt 视频工作台.app/Contents/Frameworks/QtPositioning.framework/Versions/A/QtPositioning
  Reason: tried: '/private/var/folders/ky/c16r42fn0fbdjphdyyg2g8140000gn/T/qvw-m6-relocated-1qf2neo5/中文 空格目录/Qt 视频工作台.app/Contents/Frameworks/QtWebEngineCore.framework/Versions/A/Helpers/QtWebEngineProcess.app/Contents/Frameworks/QtCore.framework/Versions/A/QtCore' (no such file)Library not loaded: @executable_path/../Frameworks/libicui18n.78.dylib
  Referenced from: <BEAFF6E2-A64C-34E1-9579-77CCE0BD4FB9> /private/var/folders/ky/c16r42fn0fbdjphdyyg2g8140000gn/T/qvw-m6-relocated-1qf2neo5/中文 空格目录/Qt 视频工作台.app/Contents/Frameworks/QtCore.framework/Versions/A/QtCore
  Reason: tried: '/private/var/folders/ky/c16r42fn0fbdjphdyyg2g8140000gn/T/qvw-m6-relocated-1qf2neo5/中文 空格目录/Qt 视频工作台.app/Contents/Frameworks/QtWebEngineCore.framework/Versions/A/Helpers/QtWebEngineProcess.app/Contents/Frameworks/libicui18n.78.dylib' (no such file)
