[  0%] Built target qt_video_workbench_qmlimportscan
[  0%] Built target qvw_domain_autogen_timestamp_deps
[  0%] Built target qvw_infra_autogen_timestamp_deps
[  0%] Automatic MOC for target qvw_domain
[  1%] Automatic MOC for target qvw_infra
[  1%] Built target qvw_domain_autogen
[  1%] Built target qvw_infra_autogen
[  3%] Built target qvw_domain
[  3%] Built target qvw_ui_autogen_timestamp_deps
[  6%] Built target qvw_infra
[  6%] Automatic MOC for target qvw_ui
[  6%] Built target qvw_backend_autogen_timestamp_deps
[  6%] Built target qvw_services_autogen_timestamp_deps
[  6%] Built target hypit_probe_test_autogen_timestamp_deps
[  6%] Built target infrastructure_test_autogen_timestamp_deps
[  6%] Built target json_process_test_autogen_timestamp_deps
[  6%] Built target workspace_store_test_autogen_timestamp_deps
[  6%] Built target log_rotation_test_autogen_timestamp_deps
[  6%] Automatic MOC for target qvw_services
[  7%] Automatic MOC for target qvw_backend
[  7%] Built target qvw_ui_autogen
[  7%] Built target infrastructure_test_autogen
[  7%] Built target qvw_backend_autogen
[  7%] Built target qvw_services_autogen
[  7%] Built target hypit_probe_test_autogen
[  7%] Built target json_process_test_autogen
[  7%] Built target log_rotation_test_autogen
[  8%] Built target workspace_store_test_autogen
[  9%] Built target infrastructure_test
[ 10%] Built target hypit_probe_test
[ 11%] Built target json_process_test
[ 15%] Built target log_rotation_test
[ 15%] Built target qvw_backend
[ 16%] Built target workspace_store_test
[ 16%] Built target studio_client_test_autogen_timestamp_deps
[ 16%] Built target studio_process_test_autogen_timestamp_deps
[ 16%] Built target studio_writer_test_autogen_timestamp_deps
[ 21%] Built target qvw_ui
[ 21%] Built target product_window_test_autogen_timestamp_deps
[ 21%] Built target inspector_controls_test_autogen_timestamp_deps
[ 21%] Built target studio_writer_test_autogen
[ 21%] Built target studio_client_test_autogen
[ 21%] Built target studio_process_test_autogen
[ 25%] Built target qvw_services
[ 25%] Built target preview_version_test_autogen_timestamp_deps
[ 25%] Built target agent_panel_test_autogen_timestamp_deps
[ 25%] Built target history_panel_test_autogen_timestamp_deps
[ 25%] Built target product_experience_test_autogen_timestamp_deps
[ 25%] Built target import_results_panel_test_autogen_timestamp_deps
[ 25%] Built target qvw_controllers_autogen_timestamp_deps
[ 25%] Built target project_store_test_autogen_timestamp_deps
[ 25%] Built target asset_service_test_autogen_timestamp_deps
[ 25%] Built target source_edit_guard_test_autogen_timestamp_deps
[ 25%] Built target export_workspace_test_autogen_timestamp_deps
[ 26%] Built target media_validation_test_autogen_timestamp_deps
[ 26%] Built target studio_process_test
[ 28%] Built target studio_client_test
[ 28%] Built target inspector_controls_test_autogen
[ 30%] Built target studio_writer_test
[ 30%] Built target proposal_service_test_autogen_timestamp_deps
[ 30%] Built target sample_catalog_test_autogen_timestamp_deps
[ 31%] Built target product_window_test_autogen
[ 32%] Built target preview_version_test_autogen
[ 33%] Built target agent_panel_test_autogen
[ 34%] Built target history_panel_test_autogen
[ 34%] Built target product_experience_test_autogen
[ 34%] Automatic MOC for target qvw_controllers
[ 34%] Built target import_results_panel_test_autogen
[ 36%] Built target inspector_controls_test
[ 37%] Built target project_store_test_autogen
[ 37%] Built target qvw_controllers_autogen
[ 37%] Built target source_edit_guard_test_autogen
[ 37%] Built target asset_service_test_autogen
[ 37%] Built target export_workspace_test_autogen
[ 37%] Built target proposal_service_test_autogen
[ 38%] Built target media_validation_test_autogen
[ 39%] Built target product_window_test
[ 40%] Built target sample_catalog_test_autogen
[ 41%] Built target agent_panel_test
[ 42%] Built target preview_version_test
[ 43%] Built target product_experience_test
[ 44%] Built target history_panel_test
[ 46%] Built target import_results_panel_test
[ 47%] Built target project_store_test
[ 48%] Built target asset_service_test
[ 49%] Built target source_edit_guard_test
[ 52%] Built target export_workspace_test
[ 53%] Built target qvw_controllers
[ 54%] Built target media_validation_test
[ 55%] Built target proposal_service_test
[ 56%] Built target sample_catalog_test
[ 56%] Built target document_controller_test_autogen_timestamp_deps
[ 56%] Built target project_e2e_test_autogen_timestamp_deps
[ 56%] Built target qvw_agent_autogen_timestamp_deps
[ 56%] Built target editor_controller_test_autogen_timestamp_deps
[ 56%] Built target editor_e2e_test_autogen_timestamp_deps
[ 56%] Built target export_controller_test_autogen_timestamp_deps
[ 56%] Built target proposal_controller_test_autogen_timestamp_deps
[ 56%] Built target export_e2e_test_autogen_timestamp_deps
[ 56%] Built target proposal_e2e_test_autogen_timestamp_deps
[ 56%] Built target runtime_paths_test_autogen_timestamp_deps
[ 56%] Built target export_cache_test_autogen_timestamp_deps
[ 56%] Built target walkthrough_demo_autogen_timestamp_deps
[ 56%] Built target video_asset_importer_test_autogen_timestamp_deps
[ 56%] Built target product_experience_e2e_test_autogen_timestamp_deps
[ 56%] Built target product_e2e_test_autogen_timestamp_deps
[ 56%] Built target creation_efficiency_e2e_test_autogen_timestamp_deps
[ 56%] Built target asset_library_test_autogen_timestamp_deps
[ 56%] Automatic MOC for target qvw_agent
[ 56%] Built target document_controller_test_autogen
[ 56%] Built target qvw_agent_autogen
[ 56%] Built target project_e2e_test_autogen
[ 57%] Built target editor_controller_test_autogen
[ 57%] Built target editor_e2e_test_autogen
[ 57%] Built target export_controller_test_autogen
[ 57%] Built target proposal_controller_test_autogen
[ 58%] Built target export_e2e_test_autogen
[ 59%] Built target proposal_e2e_test_autogen
[ 59%] Built target runtime_paths_test_autogen
[ 60%] Built target export_cache_test_autogen
[ 60%] Built target walkthrough_demo_autogen
[ 60%] Built target video_asset_importer_test_autogen
[ 60%] Built target product_e2e_test_autogen
[ 61%] Built target product_experience_e2e_test_autogen
[ 62%] Built target asset_library_test_autogen
[ 63%] Built target creation_efficiency_e2e_test_autogen
[ 64%] Built target document_controller_test
[ 65%] Built target project_e2e_test
[ 66%] Built target editor_controller_test
[ 67%] Built target editor_e2e_test
[ 71%] Built target qvw_agent
[ 72%] Built target export_controller_test
[ 73%] Built target export_e2e_test
[ 74%] Built target proposal_controller_test
[ 75%] Built target proposal_e2e_test
[ 76%] Built target runtime_paths_test
[ 78%] Built target walkthrough_demo
[ 79%] Built target export_cache_test
[ 79%] Built target agent_plan_test_autogen_timestamp_deps
[ 79%] Built target model_client_test_autogen_timestamp_deps
[ 79%] Built target story_template_test_autogen_timestamp_deps
[ 79%] Built target agent_model_live_autogen_timestamp_deps
[ 79%] Built target agent_task_store_test_autogen_timestamp_deps
[ 80%] Built target video_asset_importer_test
[ 80%] Built target agent_controller_test_autogen_timestamp_deps
[ 80%] Built target agent_e2e_test_autogen_timestamp_deps
[ 80%] Built target qvw_workflow_autogen_timestamp_deps
[ 81%] Built target product_e2e_test
[ 82%] Built target asset_library_test
[ 83%] Built target product_experience_e2e_test
[ 84%] Built target creation_efficiency_e2e_test
[ 84%] Built target agent_plan_test_autogen
[ 84%] Built target agent_model_live_autogen
[ 84%] Built target model_client_test_autogen
[ 84%] Built target story_template_test_autogen
[ 85%] Automatic MOC for target qvw_workflow
[ 86%] Built target agent_task_store_test_autogen
[ 86%] Built target agent_controller_test_autogen
[ 87%] Built target agent_e2e_test_autogen
[ 88%] Built target agent_plan_test
[ 88%] Built target qvw_workflow_autogen
[ 90%] Built target model_client_test
[ 89%] Built target story_template_test
[ 91%] Built target agent_model_live
[ 92%] Built target agent_task_store_test
[ 94%] Built target agent_controller_test
[ 94%] Built target agent_e2e_test
[ 95%] Built target qvw_workflow
[ 95%] Built target startup_early_close_test_autogen_timestamp_deps
[ 95%] Built target qt_video_workbench_autogen_timestamp_deps
[ 95%] Built target agent_workbench_demo_autogen_timestamp_deps
[ 97%] Built target startup_early_close_test_autogen
[ 97%] Automatic MOC for target qt_video_workbench
[ 97%] Built target agent_workbench_demo_autogen
[ 98%] Building CXX object tests/CMakeFiles/startup_early_close_test.dir/startup_early_close_test_autogen/mocs_compilation.cpp.o
[ 98%] Building CXX object tests/CMakeFiles/startup_early_close_test.dir/integration/StartupEarlyCloseTest.cpp.o
[ 99%] Built target agent_workbench_demo
[ 99%] Built target qt_video_workbench_autogen
[100%] Building CXX object app/CMakeFiles/qt_video_workbench.dir/qt_video_workbench_autogen/mocs_compilation.cpp.o
[100%] Building CXX object app/CMakeFiles/qt_video_workbench.dir/main.cpp.o
[100%] Linking CXX executable qt-video-workbench.app/Contents/MacOS/qt-video-workbench
[100%] Linking CXX executable startup_early_close_test
Copy original templates beside application runtime
[100%] Built target startup_early_close_test
[100%] Built target qt_video_workbench
