********* Start testing of VideoAssetImporterTest *********
Config: Using QtTest library 6.11.2, Qt 6.11.2 (arm64-little_endian-lp64 shared (dynamic) release build; by Apple LLVM 17.0.0 (clang-1700.6.4.2)), macos 15.7.7
PASS   : VideoAssetImporterTest::initTestCase()
PASS   : VideoAssetImporterTest::importsOnlyAfterMetadataTimestampsAndDecodeCommit()
PASS   : VideoAssetImporterTest::invalidMetadata(codec)
PASS   : VideoAssetImporterTest::invalidMetadata(fps25)
PASS   : VideoAssetImporterTest::invalidMetadata(fps2997)
PASS   : VideoAssetImporterTest::invalidMetadata(short)
PASS   : VideoAssetImporterTest::invalidMetadata(few-frames)
PASS   : VideoAssetImporterTest::invalidMetadata(unknown-framecount)
PASS   : VideoAssetImporterTest::invalidMetadata(too-many-pixels)
PASS   : VideoAssetImporterTest::invalidMetadata(mov)
PASS   : VideoAssetImporterTest::invalidTimestamps(jitter-despite-30fps-metadata)
PASS   : VideoAssetImporterTest::invalidTimestamps(duplicate-time)
PASS   : VideoAssetImporterTest::invalidTimestamps(missing-time)
PASS   : VideoAssetImporterTest::invalidTimestamps(nonfinite-time)
PASS   : VideoAssetImporterTest::invalidTimestamps(missing-frame)
PASS   : VideoAssetImporterTest::invalidTimestamps(extra-frame)
PASS   : VideoAssetImporterTest::invalidTimestamps(nonzero-origin)
PASS   : VideoAssetImporterTest::invalidTimestamps(timestamp-drift)
PASS   : VideoAssetImporterTest::timestampProbeOutputIsBounded()
PASS   : VideoAssetImporterTest::cancelTimestampProbeNeverRegisters()
PASS   : VideoAssetImporterTest::sourceMutationCannotChangeAcceptedBytes()
PASS   : VideoAssetImporterTest::decodeFailurePreservesProject()
PASS   : VideoAssetImporterTest::cancelDecodeNeverRegisters()
PASS   : VideoAssetImporterTest::cancelDuringCopyCleansStaging()
PASS   : VideoAssetImporterTest::manifestFailureRollsBackOnlyOwnedCopy()
PASS   : VideoAssetImporterTest::duplicatesValidateBytesAndMetadata()
PASS   : VideoAssetImporterTest::preexistingCopySurvivesManifestFailure()
PASS   : VideoAssetImporterTest::unsafeAssetsDirectoryIsRejected()
PASS   : VideoAssetImporterTest::excessiveDecodeOutputNeverCommits()
PASS   : VideoAssetImporterTest::projectLimitsAreEnforcedBeforeToolStart()
PASS   : VideoAssetImporterTest::documentCancelsAndBlocksMutations()
PASS   : VideoAssetImporterTest::cleanupTestCase()
Totals: 32 passed, 0 failed, 0 skipped, 0 blacklisted, 14774ms
********* Finished testing of VideoAssetImporterTest *********
