[  0%] Built target qvw_domain_autogen_timestamp_deps
[  0%] Built target qvw_infra_autogen_timestamp_deps
[  0%] Built target qt_video_workbench_qmlimportscan
[  0%] Built target qvw_domain_autogen
[  0%] Automatic MOC for target qvw_infra
[  2%] Built target qvw_domain
[  2%] Built target qvw_infra_autogen
[  2%] Built target qvw_ui_autogen_timestamp_deps
[  3%] Automatic MOC for target qvw_ui
[  6%] Built target qvw_infra
[  6%] Built target qvw_ui_autogen
[  6%] Built target infrastructure_test_autogen_timestamp_deps
[  6%] Built target hypit_probe_test_autogen_timestamp_deps
[  6%] Built target qvw_services_autogen_timestamp_deps
[  6%] Built target json_process_test_autogen_timestamp_deps
[  6%] Built target qvw_backend_autogen_timestamp_deps
[  6%] Built target workspace_store_test_autogen_timestamp_deps
[  6%] Built target log_rotation_test_autogen_timestamp_deps
[  6%] Automatic MOC for target hypit_probe_test
[  7%] Automatic MOC for target infrastructure_test
[  8%] Automatic MOC for target json_process_test
[  9%] Building CXX object app/CMakeFiles/qvw_ui.dir/ui/AgentPanel.cpp.o
[  9%] Built target hypit_probe_test_autogen
[  9%] Built target infrastructure_test_autogen
[ 10%] Automatic MOC for target qvw_services
[ 10%] Built target json_process_test_autogen
[ 10%] Automatic MOC for target qvw_backend
[ 10%] Automatic MOC for target log_rotation_test
[ 11%] Automatic MOC for target workspace_store_test
[ 11%] Built target qvw_services_autogen
[ 12%] Built target infrastructure_test
[ 12%] Built target qvw_backend_autogen
[ 12%] Built target log_rotation_test_autogen
[ 12%] Built target workspace_store_test_autogen
[ 14%] Built target hypit_probe_test
[ 15%] Built target json_process_test
[ 16%] Built target log_rotation_test
[ 18%] Built target qvw_backend
[ 19%] Built target workspace_store_test
[ 19%] Built target studio_process_test_autogen_timestamp_deps
[ 19%] Built target studio_client_test_autogen_timestamp_deps
[ 19%] Built target studio_writer_test_autogen_timestamp_deps
[ 23%] Built target qvw_services
[ 23%] Automatic MOC for target studio_client_test
[ 24%] Automatic MOC for target studio_process_test
[ 24%] Automatic MOC for target studio_writer_test
[ 24%] Built target project_store_test_autogen_timestamp_deps
[ 24%] Built target qvw_controllers_autogen_timestamp_deps
[ 24%] Built target studio_writer_test_autogen
[ 24%] Built target studio_process_test_autogen
[ 24%] Built target studio_client_test_autogen
[ 24%] Built target source_edit_guard_test_autogen_timestamp_deps
[ 24%] Built target asset_service_test_autogen_timestamp_deps
[ 24%] Built target export_workspace_test_autogen_timestamp_deps
[ 24%] Built target media_validation_test_autogen_timestamp_deps
[ 24%] Built target proposal_service_test_autogen_timestamp_deps
[ 24%] Built target sample_catalog_test_autogen_timestamp_deps
[ 24%] Automatic MOC for target project_store_test
[ 25%] Automatic MOC for target qvw_controllers
[ 26%] Automatic MOC for target asset_service_test
[ 27%] Built target studio_client_test
[ 28%] Built target studio_process_test
[ 28%] Built target project_store_test_autogen
[ 28%] Built target asset_service_test_autogen
[ 28%] Built target qvw_controllers_autogen
[ 29%] Automatic MOC for target source_edit_guard_test
[ 29%] Automatic MOC for target export_workspace_test
[ 30%] Built target studio_writer_test
[ 30%] Automatic MOC for target proposal_service_test
[ 30%] Automatic MOC for target media_validation_test
[ 30%] Built target source_edit_guard_test_autogen
[ 30%] Automatic MOC for target sample_catalog_test
[ 30%] Built target export_workspace_test_autogen
[ 30%] Built target media_validation_test_autogen
[ 30%] Built target proposal_service_test_autogen
[ 30%] Built target sample_catalog_test_autogen
[ 31%] Built target project_store_test
[ 32%] Built target source_edit_guard_test
[ 33%] Built target asset_service_test
[ 36%] Built target qvw_controllers
[ 37%] Built target export_workspace_test
[ 37%] Built target qvw_agent_autogen_timestamp_deps
[ 38%] Built target media_validation_test
[ 38%] Built target document_controller_test_autogen_timestamp_deps
[ 39%] Built target sample_catalog_test
[ 40%] Built target proposal_service_test
[ 40%] Built target project_e2e_test_autogen_timestamp_deps
[ 40%] Built target editor_controller_test_autogen_timestamp_deps
[ 40%] Built target editor_e2e_test_autogen_timestamp_deps
[ 40%] Built target export_e2e_test_autogen_timestamp_deps
[ 40%] Built target export_controller_test_autogen_timestamp_deps
[ 40%] Built target proposal_controller_test_autogen_timestamp_deps
[ 40%] Built target proposal_e2e_test_autogen_timestamp_deps
[ 40%] Built target runtime_paths_test_autogen_timestamp_deps
[ 40%] Built target export_cache_test_autogen_timestamp_deps
[ 40%] Built target video_asset_importer_test_autogen_timestamp_deps
[ 40%] Built target asset_library_test_autogen_timestamp_deps
[ 40%] Automatic MOC for target document_controller_test
[ 41%] Automatic MOC for target project_e2e_test
[ 42%] Automatic MOC for target editor_e2e_test
[ 42%] Automatic MOC for target editor_controller_test
[ 42%] Automatic MOC for target qvw_agent
[ 42%] Built target document_controller_test_autogen
[ 42%] Built target project_e2e_test_autogen
[ 42%] Built target editor_controller_test_autogen
[ 42%] Built target editor_e2e_test_autogen
[ 42%] Built target qvw_agent_autogen
[ 42%] Automatic MOC for target export_controller_test
[ 43%] Automatic MOC for target export_e2e_test
[ 43%] Automatic MOC for target proposal_controller_test
[ 43%] Automatic MOC for target proposal_e2e_test
[ 44%] Automatic MOC for target runtime_paths_test
[ 44%] Built target export_controller_test_autogen
[ 44%] Built target proposal_e2e_test_autogen
[ 44%] Built target proposal_controller_test_autogen
[ 44%] Built target export_e2e_test_autogen
[ 44%] Built target runtime_paths_test_autogen
[ 45%] Automatic MOC for target export_cache_test
[ 46%] Automatic MOC for target video_asset_importer_test
[ 46%] Automatic MOC for target asset_library_test
[ 46%] Built target export_cache_test_autogen
[ 47%] Built target document_controller_test
[ 47%] Built target video_asset_importer_test_autogen
[ 47%] Built target asset_library_test_autogen
[ 51%] Built target qvw_agent
[ 52%] Built target project_e2e_test
[ 53%] Built target editor_e2e_test
[ 54%] Built target editor_controller_test
[ 55%] Built target export_controller_test
[ 56%] Built target export_e2e_test
[ 57%] Built target proposal_controller_test
[ 59%] Built target proposal_e2e_test
[ 60%] Built target runtime_paths_test
[ 61%] Built target export_cache_test
[ 61%] Built target agent_plan_test_autogen_timestamp_deps
[ 61%] Built target model_client_test_autogen_timestamp_deps
[ 61%] Built target story_template_test_autogen_timestamp_deps
[ 61%] Built target agent_model_live_autogen_timestamp_deps
[ 62%] Built target video_asset_importer_test
[ 62%] Built target agent_task_store_test_autogen_timestamp_deps
[ 62%] Built target agent_controller_test_autogen_timestamp_deps
[ 62%] Built target agent_e2e_test_autogen_timestamp_deps
[ 63%] Automatic MOC for target agent_plan_test
[ 64%] Automatic MOC for target model_client_test
[ 66%] Automatic MOC for target story_template_test
[ 66%] Built target asset_library_test
[ 66%] Automatic MOC for target agent_model_live
[ 66%] Built target agent_plan_test_autogen
[ 66%] Built target model_client_test_autogen
[ 66%] Automatic MOC for target agent_task_store_test
[ 66%] Built target agent_model_live_autogen
[ 66%] Built target story_template_test_autogen
[ 66%] Automatic MOC for target agent_controller_test
[ 66%] Automatic MOC for target agent_e2e_test
[ 66%] Built target agent_task_store_test_autogen
[ 66%] Built target agent_controller_test_autogen
[ 67%] Built target agent_plan_test
[ 68%] Built target agent_e2e_test_autogen
[ 68%] Built target model_client_test
[ 69%] Built target story_template_test
[ 71%] Built target agent_model_live
[ 72%] Built target agent_task_store_test
[ 73%] Built target agent_controller_test
[ 74%] Built target agent_e2e_test
[ 74%] Linking CXX static library libqvw_ui.a
[ 77%] Built target qvw_ui
[ 77%] Built target product_e2e_test_autogen_timestamp_deps
[ 77%] Built target agent_panel_test_autogen_timestamp_deps
[ 77%] Built target inspector_controls_test_autogen_timestamp_deps
[ 77%] Built target qvw_workflow_autogen_timestamp_deps
[ 77%] Built target walkthrough_demo_autogen_timestamp_deps
[ 77%] Built target product_window_test_autogen_timestamp_deps
[ 77%] Built target creation_efficiency_e2e_test_autogen_timestamp_deps
[ 77%] Built target product_experience_test_autogen_timestamp_deps
[ 77%] Built target history_panel_test_autogen_timestamp_deps
[ 77%] Built target import_results_panel_test_autogen_timestamp_deps
[ 77%] Built target preview_version_test_autogen_timestamp_deps
[ 77%] Built target product_experience_e2e_test_autogen_timestamp_deps
[ 77%] Built target media_player_test_autogen_timestamp_deps
[ 77%] Automatic MOC for target qvw_workflow
[ 77%] Automatic MOC for target product_window_test
[ 77%] Automatic MOC for target inspector_controls_test
[ 77%] Automatic MOC for target walkthrough_demo
[ 77%] Built target qvw_workflow_autogen
[ 77%] Built target agent_panel_test_autogen
[ 78%] Automatic MOC for target product_e2e_test
[ 78%] Built target inspector_controls_test_autogen
[ 78%] Automatic MOC for target preview_version_test
[ 78%] Automatic MOC for target product_experience_e2e_test
[ 79%] Automatic MOC for target product_experience_test
[ 79%] Built target preview_version_test_autogen
[ 79%] Automatic MOC for target history_panel_test
[ 79%] Built target history_panel_test_autogen
[ 79%] Automatic MOC for target import_results_panel_test
[ 79%] Built target import_results_panel_test_autogen
[ 80%] Automatic MOC for target creation_efficiency_e2e_test
[ 80%] Built target product_window_test_autogen
[ 81%] Automatic MOC for target media_player_test
[ 81%] Built target media_player_test_autogen
[ 81%] Built target product_e2e_test_autogen
[ 82%] Building CXX object app/CMakeFiles/qvw_workflow.dir/workflow/AgentWorkbenchBridge.cpp.o
[ 82%] Built target walkthrough_demo_autogen
[ 82%] Linking CXX executable inspector_controls_test
[ 82%] Built target product_experience_test_autogen
[ 82%] Built target product_experience_e2e_test_autogen
[ 82%] Building CXX object tests/CMakeFiles/product_window_test.dir/unit/ProductWindowTest.cpp.o
[ 82%] Linking CXX executable agent_panel_test
[ 82%] Building CXX object tests/CMakeFiles/product_e2e_test.dir/integration/ProductE2ETest.cpp.o
[ 83%] Built target inspector_controls_test
[ 84%] Linking CXX executable preview_version_test
[ 85%] Built target agent_panel_test
[ 86%] Building CXX object tests/CMakeFiles/product_experience_test.dir/unit/ProductExperienceTest.cpp.o
[ 86%] Built target preview_version_test
[ 86%] Building CXX object tests/CMakeFiles/product_experience_e2e_test.dir/integration/ProductExperienceE2ETest.cpp.o
[ 86%] Built target creation_efficiency_e2e_test_autogen
[ 86%] Linking CXX executable history_panel_test
[ 87%] Built target history_panel_test
[ 87%] Linking CXX executable import_results_panel_test
[ 88%] Built target import_results_panel_test
[ 88%] Building CXX object tests/CMakeFiles/creation_efficiency_e2e_test.dir/integration/CreationEfficiencyE2ETest.cpp.o
[ 88%] Linking CXX static library libqvw_workflow.a
[ 88%] Built target qvw_workflow
[ 88%] Linking CXX executable media_player_test
[ 89%] Built target media_player_test
[ 89%] Built target character_showcase_demo_autogen_timestamp_deps
[ 89%] Built target qt_video_workbench_autogen_timestamp_deps
[ 89%] Building CXX object tests/CMakeFiles/walkthrough_demo.dir/integration/WalkthroughDemo.cpp.o
[ 90%] Linking CXX executable product_window_test
[ 90%] Built target product_window_test
[ 90%] Built target startup_early_close_test_autogen_timestamp_deps
[ 90%] Built target agent_workbench_demo_autogen_timestamp_deps
[ 90%] Linking CXX executable product_e2e_test
[ 90%] Automatic MOC for target character_showcase_demo
[ 91%] Built target product_e2e_test
[ 92%] Automatic MOC for target qt_video_workbench
[ 92%] Built target qt_video_workbench_autogen
[ 92%] Automatic MOC for target startup_early_close_test
[ 92%] Built target startup_early_close_test_autogen
[ 93%] Automatic MOC for target agent_workbench_demo
[ 93%] Linking CXX executable product_experience_test
[ 93%] Built target product_experience_test
[ 94%] Linking CXX executable product_experience_e2e_test
[ 94%] Building CXX object app/CMakeFiles/qt_video_workbench.dir/main.cpp.o
[ 94%] Built target product_experience_e2e_test
[ 94%] Building CXX object tests/CMakeFiles/startup_early_close_test.dir/integration/StartupEarlyCloseTest.cpp.o
[ 94%] Linking CXX executable creation_efficiency_e2e_test
[ 95%] Built target creation_efficiency_e2e_test
[ 95%] Built target agent_workbench_demo_autogen
[ 95%] Built target character_showcase_demo_autogen
[ 95%] Building CXX object tests/CMakeFiles/character_showcase_demo.dir/integration/CharacterShowcaseDemo.cpp.o
[ 95%] Building CXX object tests/CMakeFiles/character_showcase_demo.dir/character_showcase_demo_autogen/mocs_compilation.cpp.o
[ 95%] Building CXX object tests/CMakeFiles/agent_workbench_demo.dir/integration/AgentWorkbenchDemo.cpp.o
[ 96%] Linking CXX executable walkthrough_demo
[ 96%] Built target walkthrough_demo
[ 96%] Linking CXX executable qt-video-workbench.app/Contents/MacOS/qt-video-workbench
Copy original templates beside application runtime
[ 97%] Linking CXX executable startup_early_close_test
[ 98%] Built target qt_video_workbench
[ 98%] Built target startup_early_close_test
/Users/bytedance/Downloads/国产资产作业/qt-video-workbench/tests/integration/CharacterShowcaseDemo.cpp:93:176: error: no matching member function for call to 'insert'
   93 |         auto properties=[&]{QJsonObject values;for(const auto &t:editor.snapshot().tracks)for(const auto &c:t.clips)for(const auto &f:c.inspector)if(f.binding!="image")values.insert(c.id+"/"+f.binding,f.rawValue);return values;};
      |                                                                                                                                                                         ~~~~~~~^~~~~~
/opt/homebrew/opt/qt/lib/QtCore.framework/Headers/qjsonobject.h:337:14: note: candidate function not viable: no known conversion from 'const QVariant' to 'const QJsonValue' for 2nd argument
  337 |     iterator insert(const QString &key, const QJsonValue &value);
      |              ^                          ~~~~~~~~~~~~~~~~~~~~~~~
/opt/homebrew/opt/qt/lib/QtCore.framework/Headers/qjsonobject.h:344:14: note: candidate function not viable: no known conversion from 'const QVariant' to 'const QJsonValue' for 2nd argument
  344 |     iterator insert(QStringView key, const QJsonValue &value);
      |              ^                       ~~~~~~~~~~~~~~~~~~~~~~~
/opt/homebrew/opt/qt/lib/QtCore.framework/Headers/qjsonobject.h:345:14: note: candidate function not viable: no known conversion from 'QString' to 'QLatin1StringView' (aka 'QLatin1String') for 1st argument
  345 |     iterator insert(QLatin1StringView key, const QJsonValue &value);
      |              ^      ~~~~~~~~~~~~~~~~~~~~~
1 error generated.
make[2]: *** [tests/CMakeFiles/character_showcase_demo.dir/integration/CharacterShowcaseDemo.cpp.o] Error 1
make[1]: *** [tests/CMakeFiles/character_showcase_demo.dir/all] Error 2
make[1]: *** Waiting for unfinished jobs....
[ 98%] Linking CXX executable agent_workbench_demo
[ 99%] Built target agent_workbench_demo
make: *** [all] Error 2
