[  0%] Built target qt_video_workbench_qmlimportscan
[  0%] Built target qvw_infra_autogen_timestamp_deps
[  0%] Built target qvw_domain_autogen_timestamp_deps
[  0%] Automatic MOC for target qvw_domain
[  0%] Automatic MOC for target qvw_infra
[  0%] Built target qvw_domain_autogen
[  0%] Built target qvw_infra_autogen
[  2%] Built target qvw_domain
[  2%] Built target qvw_ui_autogen_timestamp_deps
[  5%] Built target qvw_infra
[  6%] Automatic MOC for target qvw_ui
[  6%] Built target qvw_services_autogen_timestamp_deps
[  6%] Built target infrastructure_test_autogen_timestamp_deps
[  6%] Built target qvw_backend_autogen_timestamp_deps
[  6%] Built target hypit_probe_test_autogen_timestamp_deps
[  6%] Built target json_process_test_autogen_timestamp_deps
[  6%] Built target log_rotation_test_autogen_timestamp_deps
[  6%] Built target workspace_store_test_autogen_timestamp_deps
[  6%] Automatic MOC for target qvw_backend
[  7%] Automatic MOC for target qvw_services
[  8%] Built target infrastructure_test_autogen
[  8%] Built target qvw_ui_autogen
[  8%] Built target hypit_probe_test_autogen
[  9%] Built target json_process_test_autogen
[ 10%] Built target log_rotation_test_autogen
[ 10%] Built target qvw_backend_autogen
[ 10%] Built target workspace_store_test_autogen
[ 10%] Built target qvw_services_autogen
[ 11%] Built target infrastructure_test
[ 13%] Built target log_rotation_test
[ 14%] Built target hypit_probe_test
[ 15%] Built target json_process_test
[ 16%] Built target workspace_store_test
[ 18%] Built target qvw_backend
[ 22%] Built target qvw_ui
[ 22%] Built target studio_writer_test_autogen_timestamp_deps
[ 22%] Built target studio_process_test_autogen_timestamp_deps
[ 22%] Built target studio_client_test_autogen_timestamp_deps
[ 22%] Built target preview_version_test_autogen_timestamp_deps
[ 22%] Built target agent_panel_test_autogen_timestamp_deps
[ 22%] Built target inspector_controls_test_autogen_timestamp_deps
[ 22%] Built target product_window_test_autogen_timestamp_deps
[ 22%] Built target product_experience_test_autogen_timestamp_deps
[ 26%] Built target qvw_services
[ 26%] Built target history_panel_test_autogen_timestamp_deps
[ 26%] Built target import_results_panel_test_autogen_timestamp_deps
[ 26%] Built target media_player_test_autogen_timestamp_deps
[ 26%] Built target studio_client_test_autogen
[ 27%] Built target studio_process_test_autogen
[ 27%] Built target inspector_controls_test_autogen
[ 27%] Built target project_store_test_autogen_timestamp_deps
[ 27%] Built target asset_service_test_autogen_timestamp_deps
[ 27%] Built target source_edit_guard_test_autogen_timestamp_deps
[ 27%] Built target export_workspace_test_autogen_timestamp_deps
[ 27%] Built target media_validation_test_autogen_timestamp_deps
[ 27%] Built target studio_writer_test_autogen
[ 27%] Built target proposal_service_test_autogen_timestamp_deps
[ 27%] Built target sample_catalog_test_autogen_timestamp_deps
[ 27%] Built target product_window_test_autogen
[ 27%] Built target agent_panel_test_autogen
[ 27%] Built target history_panel_test_autogen
[ 27%] Built target preview_version_test_autogen
[ 27%] Built target import_results_panel_test_autogen
[ 28%] Built target product_experience_test_autogen
[ 28%] Built target qvw_controllers_autogen_timestamp_deps
[ 29%] Built target media_player_test_autogen
[ 29%] Built target project_store_test_autogen
[ 30%] Built target asset_service_test_autogen
[ 31%] Built target studio_client_test
[ 32%] Built target studio_process_test
[ 32%] Linking CXX executable inspector_controls_test
[ 33%] Built target source_edit_guard_test_autogen
[ 33%] Built target export_workspace_test_autogen
[ 33%] Built target media_validation_test_autogen
[ 33%] Built target proposal_service_test_autogen
[ 34%] Built target studio_writer_test
[ 34%] Built target sample_catalog_test_autogen
[ 35%] Linking CXX executable product_window_test
[ 35%] Linking CXX executable agent_panel_test
[ 36%] Linking CXX executable preview_version_test
[ 36%] Linking CXX executable product_experience_test
[ 36%] Linking CXX executable history_panel_test
[ 37%] Built target inspector_controls_test
[ 37%] Built target product_window_test
[ 37%] Built target preview_version_test
[ 38%] Built target agent_panel_test
[ 39%] Built target product_experience_test
[ 40%] Linking CXX executable import_results_panel_test
[ 40%] Automatic MOC for target qvw_controllers
[ 41%] Built target media_player_test
[ 42%] Built target history_panel_test
[ 43%] Built target asset_service_test
[ 44%] Built target project_store_test
[ 44%] Built target qvw_controllers_autogen
[ 45%] Built target source_edit_guard_test
[ 46%] Built target export_workspace_test
[ 47%] Built target media_validation_test
[ 48%] Built target proposal_service_test
[ 49%] Built target sample_catalog_test
[ 50%] Built target import_results_panel_test
[ 53%] Built target qvw_controllers
[ 53%] Built target editor_controller_test_autogen_timestamp_deps
[ 53%] Built target project_e2e_test_autogen_timestamp_deps
[ 53%] Built target document_controller_test_autogen_timestamp_deps
[ 53%] Built target qvw_agent_autogen_timestamp_deps
[ 53%] Built target export_controller_test_autogen_timestamp_deps
[ 53%] Built target editor_e2e_test_autogen_timestamp_deps
[ 53%] Built target proposal_controller_test_autogen_timestamp_deps
[ 53%] Built target runtime_paths_test_autogen_timestamp_deps
[ 53%] Built target proposal_e2e_test_autogen_timestamp_deps
[ 53%] Built target export_e2e_test_autogen_timestamp_deps
[ 53%] Built target export_cache_test_autogen_timestamp_deps
[ 53%] Built target walkthrough_demo_autogen_timestamp_deps
[ 53%] Built target product_experience_e2e_test_autogen_timestamp_deps
[ 53%] Built target video_asset_importer_test_autogen_timestamp_deps
[ 53%] Built target creation_efficiency_e2e_test_autogen_timestamp_deps
[ 53%] Built target asset_library_test_autogen_timestamp_deps
[ 53%] Built target product_e2e_test_autogen_timestamp_deps
[ 53%] Automatic MOC for target qvw_agent
[ 53%] Built target document_controller_test_autogen
[ 54%] Built target editor_controller_test_autogen
[ 55%] Built target project_e2e_test_autogen
[ 55%] Built target editor_e2e_test_autogen
[ 55%] Built target export_controller_test_autogen
[ 55%] Built target qvw_agent_autogen
[ 55%] Built target proposal_e2e_test_autogen
[ 55%] Built target proposal_controller_test_autogen
[ 56%] Built target export_e2e_test_autogen
[ 57%] Built target runtime_paths_test_autogen
[ 58%] Built target export_cache_test_autogen
[ 58%] Built target walkthrough_demo_autogen
[ 60%] Built target product_e2e_test_autogen
[ 60%] Built target video_asset_importer_test_autogen
[ 60%] Built target product_experience_e2e_test_autogen
[ 60%] Built target asset_library_test_autogen
[ 61%] Built target creation_efficiency_e2e_test_autogen
[ 62%] Built target project_e2e_test
[ 63%] Built target editor_controller_test
[ 64%] Built target document_controller_test
[ 65%] Built target editor_e2e_test
[ 66%] Built target export_controller_test
[ 70%] Built target qvw_agent
[ 71%] Built target export_e2e_test
[ 72%] Built target proposal_controller_test
[ 74%] Built target proposal_e2e_test
[ 75%] Built target runtime_paths_test
[ 76%] Built target export_cache_test
[ 77%] Linking CXX executable walkthrough_demo
[ 77%] Built target agent_plan_test_autogen_timestamp_deps
[ 77%] Built target story_template_test_autogen_timestamp_deps
[ 77%] Built target model_client_test_autogen_timestamp_deps
[ 77%] Built target agent_model_live_autogen_timestamp_deps
[ 78%] Built target video_asset_importer_test
[ 78%] Built target agent_task_store_test_autogen_timestamp_deps
[ 78%] Built target agent_controller_test_autogen_timestamp_deps
[ 78%] Built target agent_e2e_test_autogen_timestamp_deps
[ 78%] Built target qvw_workflow_autogen_timestamp_deps
[ 78%] Linking CXX executable product_e2e_test
[ 79%] Linking CXX executable product_experience_e2e_test
[ 80%] Built target asset_library_test
[ 80%] Linking CXX executable creation_efficiency_e2e_test
[ 81%] Built target agent_plan_test_autogen
[ 81%] Built target walkthrough_demo
[ 82%] Built target model_client_test_autogen
[ 83%] Built target story_template_test_autogen
[ 83%] Built target agent_model_live_autogen
[ 83%] Built target agent_task_store_test_autogen
[ 83%] Built target agent_controller_test_autogen
[ 83%] Built target agent_e2e_test_autogen
[ 83%] Automatic MOC for target qvw_workflow
[ 84%] Built target product_e2e_test
[ 85%] Built target agent_plan_test
[ 85%] Built target qvw_workflow_autogen
[ 85%] Built target product_experience_e2e_test
[ 86%] Built target creation_efficiency_e2e_test
[ 87%] Built target model_client_test
[ 88%] Built target story_template_test
[ 90%] Built target agent_model_live
[ 91%] Built target agent_task_store_test
[ 92%] Built target agent_controller_test
[ 93%] Built target agent_e2e_test
[ 94%] Built target qvw_workflow
[ 94%] Built target character_showcase_demo_autogen_timestamp_deps
[ 94%] Built target startup_early_close_test_autogen_timestamp_deps
[ 94%] Built target qt_video_workbench_autogen_timestamp_deps
[ 94%] Built target agent_workbench_demo_autogen_timestamp_deps
[ 94%] Built target startup_early_close_test_autogen
[ 95%] Automatic MOC for target qt_video_workbench
[ 96%] Built target agent_workbench_demo_autogen
[ 96%] Built target character_showcase_demo_autogen
[ 96%] Building CXX object tests/CMakeFiles/startup_early_close_test.dir/startup_early_close_test_autogen/mocs_compilation.cpp.o
[ 96%] Building CXX object tests/CMakeFiles/startup_early_close_test.dir/integration/StartupEarlyCloseTest.cpp.o
[ 96%] Built target qt_video_workbench_autogen
[ 96%] Linking CXX executable agent_workbench_demo
[ 97%] Built target character_showcase_demo
[ 98%] Building CXX object app/CMakeFiles/qt_video_workbench.dir/qt_video_workbench_autogen/mocs_compilation.cpp.o
[ 98%] Building CXX object app/CMakeFiles/qt_video_workbench.dir/main.cpp.o
[ 99%] Built target agent_workbench_demo
[ 99%] Linking CXX executable qt-video-workbench.app/Contents/MacOS/qt-video-workbench
[100%] Linking CXX executable startup_early_close_test
Copy original templates beside application runtime
[100%] Built target startup_early_close_test
[100%] Built target qt_video_workbench
