[  0%] Built target qvw_infra_autogen_timestamp_deps
[  0%] Built target qt_video_workbench_qmlimportscan
[  0%] Built target qvw_domain_autogen_timestamp_deps
[  0%] Built target qvw_domain_autogen
[  0%] Built target qvw_infra_autogen
[  2%] Built target qvw_domain
[  2%] Built target qvw_ui_autogen_timestamp_deps
[  5%] Built target qvw_infra
[  5%] Built target qvw_backend_autogen_timestamp_deps
[  5%] Built target json_process_test_autogen_timestamp_deps
[  5%] Built target qvw_services_autogen_timestamp_deps
[  5%] Built target infrastructure_test_autogen_timestamp_deps
[  5%] Built target hypit_probe_test_autogen_timestamp_deps
[  5%] Built target log_rotation_test_autogen_timestamp_deps
[  5%] Built target workspace_store_test_autogen_timestamp_deps
[  6%] Built target qvw_ui_autogen
[  6%] Built target qvw_backend_autogen
[  7%] Built target qvw_services_autogen
[  8%] Built target infrastructure_test_autogen
[  8%] Built target hypit_probe_test_autogen
[  9%] Built target json_process_test_autogen
[  9%] Built target log_rotation_test_autogen
[ 11%] Built target qvw_backend
[ 15%] Built target qvw_services
[ 16%] Built target workspace_store_test_autogen
[ 17%] Built target infrastructure_test
[ 19%] Built target hypit_probe_test
[ 20%] Built target json_process_test
[ 20%] Built target sample_catalog_test_autogen_timestamp_deps
[ 21%] Built target log_rotation_test
[ 21%] Built target qvw_controllers_autogen_timestamp_deps
[ 22%] Built target workspace_store_test
[ 22%] Built target studio_process_test_autogen_timestamp_deps
[ 22%] Built target studio_client_test_autogen_timestamp_deps
[ 22%] Built target project_store_test_autogen_timestamp_deps
[ 22%] Built target asset_service_test_autogen_timestamp_deps
[ 22%] Built target source_edit_guard_test_autogen_timestamp_deps
[ 22%] Built target studio_writer_test_autogen_timestamp_deps
[ 22%] Built target export_workspace_test_autogen_timestamp_deps
[ 22%] Built target media_validation_test_autogen_timestamp_deps
[ 22%] Built target proposal_service_test_autogen_timestamp_deps
[ 26%] Built target qvw_ui
[ 27%] Built target qvw_controllers_autogen
[ 27%] Built target sample_catalog_test_autogen
[ 28%] Built target studio_process_test_autogen
[ 28%] Built target studio_client_test_autogen
[ 28%] Built target project_store_test_autogen
[ 29%] Built target asset_service_test_autogen
[ 30%] Built target source_edit_guard_test_autogen
[ 30%] Built target studio_writer_test_autogen
[ 30%] Built target product_window_test_autogen_timestamp_deps
[ 30%] Built target media_validation_test_autogen
[ 30%] Built target export_workspace_test_autogen
[ 30%] Built target agent_panel_test_autogen_timestamp_deps
[ 30%] Built target proposal_service_test_autogen
[ 30%] Built target preview_version_test_autogen_timestamp_deps
[ 31%] Built target sample_catalog_test
[ 31%] Built target import_results_panel_test_autogen_timestamp_deps
[ 31%] Built target product_experience_test_autogen_timestamp_deps
[ 31%] Built target history_panel_test_autogen_timestamp_deps
[ 31%] Built target media_player_test_autogen_timestamp_deps
[ 32%] Built target studio_process_test
[ 32%] Built target inspector_controls_test_autogen_timestamp_deps
[ 35%] Built target qvw_controllers
[ 37%] Built target studio_client_test
[ 37%] Built target project_store_test
[ 38%] Built target asset_service_test
[ 39%] Built target source_edit_guard_test
[ 40%] Built target studio_writer_test
[ 40%] Built target export_controller_test_autogen_timestamp_deps
[ 40%] Built target export_e2e_test_autogen_timestamp_deps
[ 41%] Built target export_workspace_test
[ 42%] Built target media_validation_test
[ 42%] Built target proposal_controller_test_autogen_timestamp_deps
[ 42%] Built target proposal_e2e_test_autogen_timestamp_deps
[ 43%] Built target proposal_service_test
[ 43%] Built target runtime_paths_test_autogen_timestamp_deps
[ 43%] Built target export_cache_test_autogen_timestamp_deps
[ 43%] Built target walkthrough_demo_autogen_timestamp_deps
[ 43%] Built target video_asset_importer_test_autogen_timestamp_deps
[ 43%] Built target product_e2e_test_autogen_timestamp_deps
[ 43%] Built target agent_panel_test_autogen
[ 43%] Built target product_window_test_autogen
[ 43%] Built target product_experience_e2e_test_autogen_timestamp_deps
[ 43%] Built target asset_library_test_autogen_timestamp_deps
[ 43%] Built target preview_version_test_autogen
[ 44%] Built target product_experience_test_autogen
[ 44%] Built target creation_efficiency_e2e_test_autogen_timestamp_deps
[ 44%] Built target qvw_agent_autogen_timestamp_deps
[ 44%] Built target history_panel_test_autogen
[ 44%] Built target document_controller_test_autogen_timestamp_deps
[ 45%] Built target media_player_test_autogen
[ 45%] Built target project_e2e_test_autogen_timestamp_deps
[ 45%] Built target import_results_panel_test_autogen
[ 45%] Built target editor_controller_test_autogen_timestamp_deps
[ 45%] Built target editor_e2e_test_autogen_timestamp_deps
[ 45%] Built target inspector_controls_test_autogen
[ 45%] Built target export_controller_test_autogen
[ 45%] Built target proposal_controller_test_autogen
[ 46%] Built target export_e2e_test_autogen
[ 46%] Built target proposal_e2e_test_autogen
[ 47%] Built target runtime_paths_test_autogen
[ 48%] Built target export_cache_test_autogen
[ 49%] Built target agent_panel_test
[ 50%] Built target preview_version_test
[ 50%] Built target walkthrough_demo_autogen
[ 52%] Built target product_window_test
[ 52%] Built target video_asset_importer_test_autogen
[ 53%] Built target product_e2e_test_autogen
[ 54%] Built target import_results_panel_test
[ 55%] Built target history_panel_test
[ 56%] Built target product_experience_test
[ 56%] Built target product_experience_e2e_test_autogen
[ 56%] Built target asset_library_test_autogen
[ 58%] Built target media_player_test
[ 58%] Built target creation_efficiency_e2e_test_autogen
[ 59%] Built target inspector_controls_test
[ 59%] Built target qvw_agent_autogen
[ 59%] Built target document_controller_test_autogen
[ 60%] Built target project_e2e_test_autogen
[ 61%] Built target export_controller_test
[ 61%] Built target editor_e2e_test_autogen
[ 63%] Built target export_e2e_test
[ 63%] Built target editor_controller_test_autogen
[ 64%] Built target proposal_controller_test
[ 66%] Built target proposal_e2e_test
[ 67%] Built target runtime_paths_test
[ 68%] Built target export_cache_test
[ 69%] Built target video_asset_importer_test
[ 70%] Built target walkthrough_demo
[ 71%] Built target asset_library_test
[ 72%] Built target product_e2e_test
[ 73%] Built target product_experience_e2e_test
[ 77%] Built target qvw_agent
[ 78%] Built target project_e2e_test
[ 80%] Built target creation_efficiency_e2e_test
[ 80%] Built target document_controller_test
[ 81%] Built target editor_controller_test
[ 81%] Built target agent_plan_test_autogen_timestamp_deps
[ 81%] Built target qvw_workflow_autogen_timestamp_deps
[ 82%] Built target editor_e2e_test
[ 82%] Built target story_template_test_autogen_timestamp_deps
[ 82%] Built target model_client_test_autogen_timestamp_deps
[ 82%] Built target agent_model_live_autogen_timestamp_deps
[ 82%] Built target agent_controller_test_autogen_timestamp_deps
[ 82%] Built target agent_task_store_test_autogen_timestamp_deps
[ 82%] Built target agent_e2e_test_autogen_timestamp_deps
[ 82%] Built target qvw_workflow_autogen
[ 82%] Built target agent_model_live_autogen
[ 83%] Built target agent_plan_test_autogen
[ 84%] Built target model_client_test_autogen
[ 85%] Built target story_template_test_autogen
[ 85%] Built target agent_task_store_test_autogen
[ 85%] Built target agent_controller_test_autogen
[ 85%] Built target agent_e2e_test_autogen
[ 86%] Built target agent_plan_test
[ 87%] Built target qvw_workflow
[ 88%] Built target model_client_test
[ 89%] Built target story_template_test
[ 91%] Built target agent_model_live
[ 92%] Built target agent_task_store_test
[ 92%] Built target agent_workbench_demo_autogen_timestamp_deps
[ 92%] Built target qt_video_workbench_autogen_timestamp_deps
[ 92%] Built target character_showcase_demo_autogen_timestamp_deps
[ 93%] Built target agent_controller_test
[ 94%] Built target agent_e2e_test
[ 94%] Built target startup_early_close_test_autogen_timestamp_deps
[ 95%] Built target qt_video_workbench_autogen
[ 95%] Built target startup_early_close_test_autogen
[ 95%] Automatic MOC for target character_showcase_demo
[ 96%] Built target agent_workbench_demo_autogen
[ 97%] Built target qt_video_workbench
[ 98%] Built target startup_early_close_test
[ 99%] Built target agent_workbench_demo
[ 99%] Built target character_showcase_demo_autogen
[ 99%] Building CXX object tests/CMakeFiles/character_showcase_demo.dir/integration/CharacterShowcaseDemo.cpp.o
[100%] Linking CXX executable character_showcase_demo
[100%] Built target character_showcase_demo
