********* Start testing of ProductExperienceTest *********
Config: Using QtTest library 6.11.2, Qt 6.11.2 (arm64-little_endian-lp64 shared (dynamic) release build; by Apple LLVM 17.0.0 (clang-1700.6.4.2)), macos 15.7.7
PASS   : ProductExperienceTest::initTestCase()
QWARN  : ProductExperienceTest::groupsAndActivatesActualComponent() qt.qpa.fonts: Populating font family aliases took 312 ms. Replace uses of missing font family "Sans Serif" with one that exists to avoid this cost.
QWARN  : ProductExperienceTest::groupsAndActivatesActualComponent() This plugin does not support propagateSizeHints()
PASS   : ProductExperienceTest::groupsAndActivatesActualComponent()
PASS   : ProductExperienceTest::sceneSelectsComponent()
PASS   : ProductExperienceTest::fileDropUsesBatchSignalAndRejectsNetworkUrls()
PASS   : ProductExperienceTest::layoutAndHistoryRoundTrip()
PASS   : ProductExperienceTest::historyCannotReuseDuringTaskRestoration()
PASS   : ProductExperienceTest::historicalEventsAreActualChanges()
PASS   : ProductExperienceTest::replacementUsesSelectedAssetInsteadOfDeselectedCurrentItem()
PASS   : ProductExperienceTest::handoffSelectedAssetPreparesScopedGoalWithoutExecution()
FAIL!  : ProductExperienceTest::characterHandoffIsScopedAndRequiresCompatibleSingleSelection() 'button' returned FALSE. ()
   Loc: [/Users/bytedance/Downloads/国产资产作业/qt-video-workbench/tests/unit/ProductExperienceTest.cpp(70)]
PASS   : ProductExperienceTest::batchSelectionCannotApplyAmbiguousAsset()
PASS   : ProductExperienceTest::shortOfficialSampleIsPreviewOnly()
PASS   : ProductExperienceTest::filteringAssetsClearsHiddenSelectionAndSurvivesRefresh()
PASS   : ProductExperienceTest::cleanupTestCase()
Totals: 13 passed, 1 failed, 0 skipped, 0 blacklisted, 1230ms
********* Finished testing of ProductExperienceTest *********
