[  1%] Built target qvw_infra_autogen_timestamp_deps
[  1%] Built target qvw_domain_autogen_timestamp_deps
[  1%] Built target qt_video_workbench_qmlimportscan
[  2%] Built target qvw_domain_autogen
[  4%] Built target qvw_infra_autogen
[  9%] Built target qvw_domain
[  9%] Built target qvw_backend_autogen_timestamp_deps
[  9%] Built target qvw_ui_autogen_timestamp_deps
[  9%] Built target qvw_services_autogen_timestamp_deps
[ 16%] Built target qvw_infra
[ 17%] Built target qvw_services_autogen
[ 19%] Built target qvw_backend_autogen
[ 19%] Built target infrastructure_test_autogen_timestamp_deps
[ 20%] Built target qvw_ui_autogen
[ 20%] Built target hypit_probe_test_autogen_timestamp_deps
[ 26%] Built target qvw_services
[ 32%] Built target qvw_backend
[ 34%] Built target infrastructure_test_autogen
[ 39%] Built target qvw_ui
[ 39%] Built target project_store_test_autogen_timestamp_deps
[ 39%] Built target asset_service_test_autogen_timestamp_deps
[ 41%] Built target hypit_probe_test_autogen
[ 41%] Built target qvw_controllers_autogen_timestamp_deps
[ 41%] Built target studio_process_test_autogen_timestamp_deps
[ 45%] Built target infrastructure_test
[ 45%] Built target studio_client_test_autogen_timestamp_deps
[ 45%] Built target inspector_controls_test_autogen_timestamp_deps
[ 47%] Built target project_store_test_autogen
[ 47%] Built target asset_service_test_autogen
[ 52%] Built target hypit_probe_test
[ 53%] Built target qvw_controllers_autogen
[ 54%] Built target studio_client_test_autogen
[ 56%] Built target inspector_controls_test_autogen
[ 57%] Built target studio_process_test_autogen
[ 61%] Built target project_store_test
[ 65%] Built target asset_service_test
[ 69%] Built target studio_client_test
[ 75%] Built target qvw_controllers
[ 79%] Built target inspector_controls_test
[ 79%] Built target qt_video_workbench_autogen_timestamp_deps
[ 79%] Built target document_controller_test_autogen_timestamp_deps
[ 83%] Built target studio_process_test
[ 83%] Built target project_e2e_test_autogen_timestamp_deps
[ 84%] Built target qt_video_workbench_autogen
[ 86%] Built target document_controller_test_autogen
[ 87%] Built target project_e2e_test_autogen
[ 91%] Built target qt_video_workbench
[ 95%] Built target document_controller_test
[100%] Built target project_e2e_test
