********* Start testing of ProjectE2ETest *********
Config: Using QtTest library 6.11.2, Qt 6.11.2 (arm64-little_endian-lp64 shared (dynamic) release build; by Apple LLVM 17.0.0 (clang-1700.6.4.2)), macos 15.7.7
PASS   : ProjectE2ETest::initTestCase()
QINFO  : ProjectE2ETest::independentOriginalProject() 正在检查 Hypit 配置：/Users/bytedance/Downloads/国产资产作业/qt-video-workbench/config/version-lock.json
QINFO  : ProjectE2ETest::independentOriginalProject() Hypit 0.2.10 自检通过（/Users/bytedance/Downloads/国产资产作业/hypit）
QINFO  : ProjectE2ETest::independentOriginalProject() 正在打开工程：/Users/bytedance/Downloads/国产资产作业/qt-video-workbench/.workbench/M2 中文 工程-hHNEvI/移动后 工程/main.svrun
QINFO  : ProjectE2ETest::independentOriginalProject() Project            /Users/bytedance/Downloads/国产资产作业/qt-video-workbench/.workbench/M2 中文 工程-hHNEvI/移动后 工程
QINFO  : ProjectE2ETest::independentOriginalProject() Run                /Users/bytedance/Downloads/国产资产作业/qt-video-workbench/.workbench/M2 中文 工程-hHNEvI/移动后 工程/main.svrun
QINFO  : ProjectE2ETest::independentOriginalProject() Runtime Profile    /Users/bytedance/Downloads/国产资产作业/qt-video-workbench/.workbench/M2 中文 工程-hHNEvI/移动后 工程/hypit.runtime.json
QINFO  : ProjectE2ETest::independentOriginalProject() Runtime selection  command argument (this session only)
QINFO  : ProjectE2ETest::independentOriginalProject()
QINFO  : ProjectE2ETest::independentOriginalProject() ➜  Local:   http://localhost:5730/
QINFO  : ProjectE2ETest::independentOriginalProject() Studio 已就绪：http://localhost:5730/（PID 18198）
QINFO  : ProjectE2ETest::independentOriginalProject() ➜  Network: use --host to expose
QINFO  : ProjectE2ETest::independentOriginalProject() Comments           http://localhost:5730/#comments
QINFO  : ProjectE2ETest::independentOriginalProject() 已读取真实会话：revision 1，轨道 1，可写字段 5
QWARN  : ProjectE2ETest::independentOriginalProject() 请选择含本地 endpoints 的 hypit.runtime-local@1 配置。
FAIL!  : ProjectE2ETest::independentOriginalProject() '!backend.isRunning()' returned FALSE. (switching to invalid B must not leave old Studio A active)
   Loc: [/Users/bytedance/Downloads/国产资产作业/qt-video-workbench/tests/integration/ProjectE2ETest.cpp(72)]
QINFO  : ProjectE2ETest::independentOriginalProject() Studio process exited with code 143.
QINFO  : ProjectE2ETest::independentOriginalProject() Studio 已退出，exit=143
PASS   : ProjectE2ETest::cleanupTestCase()
Totals: 2 passed, 1 failed, 0 skipped, 0 blacklisted, 2369ms
********* Finished testing of ProjectE2ETest *********
